Classic Timing Analyzer report for exp3_4
Wed Dec 14 20:45:47 2022
Quartus II Version 9.0 Build 132 02/25/2009 SJ Full Version


---------------------
; Table of Contents ;
---------------------
  1. Legal Notice
  2. Timing Analyzer Summary
  3. Timing Analyzer Settings
  4. Clock Settings Summary
  5. Parallel Compilation
  6. Clock Setup: 'CP1'
  7. Clock Setup: 'CP2'
  8. tco
  9. Timing Analyzer Messages



----------------
; Legal Notice ;
----------------
Copyright (C) 1991-2009 Altera Corporation
Your use of Altera Corporation's design tools, logic functions 
and other software and tools, and its AMPP partner logic 
functions, and any output files from any of the foregoing 
(including device programming or simulation files), and any 
associated documentation or information are expressly subject 
to the terms and conditions of the Altera Program License 
Subscription Agreement, Altera MegaCore Function License 
Agreement, or other applicable license agreement, including, 
without limitation, that your use is for the sole purpose of 
programming logic devices manufactured by Altera and sold by 
Altera or its authorized distributors.  Please refer to the 
applicable agreement for further details.



+-------------------------------------------------------------------------------------------------------------------------------------------------------------------------------------------------------+
; Timing Analyzer Summary                                                                                                                                                                               ;
+------------------------------+-------+---------------+------------------------------------------------+---------------------------+----------------------------+------------+----------+--------------+
; Type                         ; Slack ; Required Time ; Actual Time                                    ; From                      ; To                         ; From Clock ; To Clock ; Failed Paths ;
+------------------------------+-------+---------------+------------------------------------------------+---------------------------+----------------------------+------------+----------+--------------+
; Worst-case tco               ; N/A   ; None          ; 32.927 ns                                      ; My74161:inst1|Q[1]        ; seg_out[4]                 ; CP1        ; --       ; 0            ;
; Clock Setup: 'CP2'           ; N/A   ; None          ; 167.56 MHz ( period = 5.968 ns )               ; myTwoSeg7:inst8|cnt20k[5] ; myTwoSeg7:inst8|cnt20k[10] ; CP2        ; CP2      ; 0            ;
; Clock Setup: 'CP1'           ; N/A   ; None          ; Restricted to 275.03 MHz ( period = 3.636 ns ) ; My74161:inst|Q[1]         ; My74161:inst1|Q[2]         ; CP1        ; CP1      ; 0            ;
; Total number of failed paths ;       ;               ;                                                ;                           ;                            ;            ;          ; 0            ;
+------------------------------+-------+---------------+------------------------------------------------+---------------------------+----------------------------+------------+----------+--------------+


+--------------------------------------------------------------------------------------------------------------------+
; Timing Analyzer Settings                                                                                           ;
+---------------------------------------------------------------------+--------------------+------+----+-------------+
; Option                                                              ; Setting            ; From ; To ; Entity Name ;
+---------------------------------------------------------------------+--------------------+------+----+-------------+
; Device Name                                                         ; EP1C3T144C8        ;      ;    ;             ;
; Timing Models                                                       ; Final              ;      ;    ;             ;
; Default hold multicycle                                             ; Same as Multicycle ;      ;    ;             ;
; Cut paths between unrelated clock domains                           ; On                 ;      ;    ;             ;
; Cut off read during write signal paths                              ; On                 ;      ;    ;             ;
; Cut off feedback from I/O pins                                      ; On                 ;      ;    ;             ;
; Report Combined Fast/Slow Timing                                    ; Off                ;      ;    ;             ;
; Ignore Clock Settings                                               ; Off                ;      ;    ;             ;
; Analyze latches as synchronous elements                             ; On                 ;      ;    ;             ;
; Enable Recovery/Removal analysis                                    ; Off                ;      ;    ;             ;
; Enable Clock Latency                                                ; Off                ;      ;    ;             ;
; Use TimeQuest Timing Analyzer                                       ; Off                ;      ;    ;             ;
; Minimum Core Junction Temperature                                   ; 0                  ;      ;    ;             ;
; Maximum Core Junction Temperature                                   ; 85                 ;      ;    ;             ;
; Number of source nodes to report per destination node               ; 10                 ;      ;    ;             ;
; Number of destination nodes to report                               ; 10                 ;      ;    ;             ;
; Number of paths to report                                           ; 200                ;      ;    ;             ;
; Report Minimum Timing Checks                                        ; Off                ;      ;    ;             ;
; Use Fast Timing Models                                              ; Off                ;      ;    ;             ;
; Report IO Paths Separately                                          ; Off                ;      ;    ;             ;
; Perform Multicorner Analysis                                        ; Off                ;      ;    ;             ;
; Reports the worst-case path for each clock domain and analysis      ; Off                ;      ;    ;             ;
; Removes common clock path pessimism (CCPP) during slack computation ; Off                ;      ;    ;             ;
; Output I/O Timing Endpoint                                          ; Near End           ;      ;    ;             ;
+---------------------------------------------------------------------+--------------------+------+----+-------------+


+------------------------------------------------------------------------------------------------------------------------------------------------------------------------------------+
; Clock Settings Summary                                                                                                                                                             ;
+-----------------+--------------------+----------+------------------+---------------+--------------+----------+-----------------------+---------------------+--------+--------------+
; Clock Node Name ; Clock Setting Name ; Type     ; Fmax Requirement ; Early Latency ; Late Latency ; Based on ; Multiply Base Fmax by ; Divide Base Fmax by ; Offset ; Phase offset ;
+-----------------+--------------------+----------+------------------+---------------+--------------+----------+-----------------------+---------------------+--------+--------------+
; CP1             ;                    ; User Pin ; None             ; 0.000 ns      ; 0.000 ns     ; --       ; N/A                   ; N/A                 ; N/A    ;              ;
; CP2             ;                    ; User Pin ; None             ; 0.000 ns      ; 0.000 ns     ; --       ; N/A                   ; N/A                 ; N/A    ;              ;
+-----------------+--------------------+----------+------------------+---------------+--------------+----------+-----------------------+---------------------+--------+--------------+


+------------------------------------------+
; Parallel Compilation                     ;
+----------------------------+-------------+
; Processors                 ; Number      ;
+----------------------------+-------------+
; Number detected on machine ; 8           ;
; Maximum allowed            ; 4           ;
;                            ;             ;
; Average used               ; 1.00        ;
; Maximum used               ; 1           ;
;                            ;             ;
; Usage by Processor         ; % Time Used ;
;     1 processor            ; 100.0%      ;
;     2-8 processors         ;   0.0%      ;
+----------------------------+-------------+


+--------------------------------------------------------------------------------------------------------------------------------------------------------------------------------------------------------------+
; Clock Setup: 'CP1'                                                                                                                                                                                           ;
+-------+------------------------------------------------+--------------------+--------------------+------------+----------+-----------------------------+---------------------------+-------------------------+
; Slack ; Actual fmax (period)                           ; From               ; To                 ; From Clock ; To Clock ; Required Setup Relationship ; Required Longest P2P Time ; Actual Longest P2P Time ;
+-------+------------------------------------------------+--------------------+--------------------+------------+----------+-----------------------------+---------------------------+-------------------------+
; N/A   ; Restricted to 275.03 MHz ( period = 3.636 ns ) ; My74161:inst|Q[1]  ; My74161:inst1|Q[1] ; CP1        ; CP1      ; None                        ; None                      ; 3.218 ns                ;
; N/A   ; Restricted to 275.03 MHz ( period = 3.636 ns ) ; My74161:inst|Q[1]  ; My74161:inst1|Q[0] ; CP1        ; CP1      ; None                        ; None                      ; 3.218 ns                ;
; N/A   ; Restricted to 275.03 MHz ( period = 3.636 ns ) ; My74161:inst|Q[1]  ; My74161:inst|Q[1]  ; CP1        ; CP1      ; None                        ; None                      ; 3.218 ns                ;
; N/A   ; Restricted to 275.03 MHz ( period = 3.636 ns ) ; My74161:inst|Q[1]  ; My74161:inst|Q[3]  ; CP1        ; CP1      ; None                        ; None                      ; 3.218 ns                ;
; N/A   ; Restricted to 275.03 MHz ( period = 3.636 ns ) ; My74161:inst|Q[1]  ; My74161:inst1|Q[3] ; CP1        ; CP1      ; None                        ; None                      ; 3.218 ns                ;
; N/A   ; Restricted to 275.03 MHz ( period = 3.636 ns ) ; My74161:inst|Q[1]  ; My74161:inst1|Q[2] ; CP1        ; CP1      ; None                        ; None                      ; 3.218 ns                ;
; N/A   ; Restricted to 275.03 MHz ( period = 3.636 ns ) ; My74161:inst|Q[3]  ; My74161:inst1|Q[1] ; CP1        ; CP1      ; None                        ; None                      ; 2.957 ns                ;
; N/A   ; Restricted to 275.03 MHz ( period = 3.636 ns ) ; My74161:inst|Q[3]  ; My74161:inst1|Q[0] ; CP1        ; CP1      ; None                        ; None                      ; 2.957 ns                ;
; N/A   ; Restricted to 275.03 MHz ( period = 3.636 ns ) ; My74161:inst|Q[3]  ; My74161:inst|Q[1]  ; CP1        ; CP1      ; None                        ; None                      ; 2.957 ns                ;
; N/A   ; Restricted to 275.03 MHz ( period = 3.636 ns ) ; My74161:inst|Q[3]  ; My74161:inst|Q[3]  ; CP1        ; CP1      ; None                        ; None                      ; 2.957 ns                ;
; N/A   ; Restricted to 275.03 MHz ( period = 3.636 ns ) ; My74161:inst|Q[3]  ; My74161:inst1|Q[3] ; CP1        ; CP1      ; None                        ; None                      ; 2.957 ns                ;
; N/A   ; Restricted to 275.03 MHz ( period = 3.636 ns ) ; My74161:inst|Q[3]  ; My74161:inst1|Q[2] ; CP1        ; CP1      ; None                        ; None                      ; 2.957 ns                ;
; N/A   ; Restricted to 275.03 MHz ( period = 3.636 ns ) ; My74161:inst|Q[1]  ; My74161:inst|Q[2]  ; CP1        ; CP1      ; None                        ; None                      ; 2.930 ns                ;
; N/A   ; Restricted to 275.03 MHz ( period = 3.636 ns ) ; My74161:inst|Q[2]  ; My74161:inst1|Q[3] ; CP1        ; CP1      ; None                        ; None                      ; 2.876 ns                ;
; N/A   ; Restricted to 275.03 MHz ( period = 3.636 ns ) ; My74161:inst|Q[2]  ; My74161:inst1|Q[2] ; CP1        ; CP1      ; None                        ; None                      ; 2.796 ns                ;
; N/A   ; Restricted to 275.03 MHz ( period = 3.636 ns ) ; My74161:inst|Q[2]  ; My74161:inst1|Q[1] ; CP1        ; CP1      ; None                        ; None                      ; 2.716 ns                ;
; N/A   ; Restricted to 275.03 MHz ( period = 3.636 ns ) ; My74161:inst1|Q[0] ; My74161:inst1|Q[1] ; CP1        ; CP1      ; None                        ; None                      ; 2.711 ns                ;
; N/A   ; Restricted to 275.03 MHz ( period = 3.636 ns ) ; My74161:inst1|Q[0] ; My74161:inst1|Q[0] ; CP1        ; CP1      ; None                        ; None                      ; 2.711 ns                ;
; N/A   ; Restricted to 275.03 MHz ( period = 3.636 ns ) ; My74161:inst1|Q[0] ; My74161:inst|Q[1]  ; CP1        ; CP1      ; None                        ; None                      ; 2.711 ns                ;
; N/A   ; Restricted to 275.03 MHz ( period = 3.636 ns ) ; My74161:inst1|Q[0] ; My74161:inst|Q[3]  ; CP1        ; CP1      ; None                        ; None                      ; 2.711 ns                ;
; N/A   ; Restricted to 275.03 MHz ( period = 3.636 ns ) ; My74161:inst1|Q[0] ; My74161:inst1|Q[3] ; CP1        ; CP1      ; None                        ; None                      ; 2.711 ns                ;
; N/A   ; Restricted to 275.03 MHz ( period = 3.636 ns ) ; My74161:inst1|Q[0] ; My74161:inst1|Q[2] ; CP1        ; CP1      ; None                        ; None                      ; 2.711 ns                ;
; N/A   ; Restricted to 275.03 MHz ( period = 3.636 ns ) ; My74161:inst|Q[3]  ; My74161:inst|Q[2]  ; CP1        ; CP1      ; None                        ; None                      ; 2.669 ns                ;
; N/A   ; Restricted to 275.03 MHz ( period = 3.636 ns ) ; My74161:inst|Q[2]  ; My74161:inst|Q[3]  ; CP1        ; CP1      ; None                        ; None                      ; 2.661 ns                ;
; N/A   ; Restricted to 275.03 MHz ( period = 3.636 ns ) ; My74161:inst|Q[0]  ; My74161:inst|Q[3]  ; CP1        ; CP1      ; None                        ; None                      ; 2.510 ns                ;
; N/A   ; Restricted to 275.03 MHz ( period = 3.636 ns ) ; My74161:inst|Q[0]  ; My74161:inst1|Q[3] ; CP1        ; CP1      ; None                        ; None                      ; 2.441 ns                ;
; N/A   ; Restricted to 275.03 MHz ( period = 3.636 ns ) ; My74161:inst1|Q[0] ; My74161:inst|Q[2]  ; CP1        ; CP1      ; None                        ; None                      ; 2.423 ns                ;
; N/A   ; Restricted to 275.03 MHz ( period = 3.636 ns ) ; My74161:inst|Q[0]  ; My74161:inst1|Q[2] ; CP1        ; CP1      ; None                        ; None                      ; 2.361 ns                ;
; N/A   ; Restricted to 275.03 MHz ( period = 3.636 ns ) ; My74161:inst|Q[0]  ; My74161:inst1|Q[1] ; CP1        ; CP1      ; None                        ; None                      ; 2.281 ns                ;
; N/A   ; Restricted to 275.03 MHz ( period = 3.636 ns ) ; My74161:inst|Q[0]  ; My74161:inst|Q[2]  ; CP1        ; CP1      ; None                        ; None                      ; 2.274 ns                ;
; N/A   ; Restricted to 275.03 MHz ( period = 3.636 ns ) ; My74161:inst|Q[2]  ; My74161:inst|Q[2]  ; CP1        ; CP1      ; None                        ; None                      ; 2.114 ns                ;
; N/A   ; Restricted to 275.03 MHz ( period = 3.636 ns ) ; My74161:inst|Q[2]  ; My74161:inst1|Q[0] ; CP1        ; CP1      ; None                        ; None                      ; 2.104 ns                ;
; N/A   ; Restricted to 275.03 MHz ( period = 3.636 ns ) ; My74161:inst1|Q[1] ; My74161:inst1|Q[3] ; CP1        ; CP1      ; None                        ; None                      ; 1.964 ns                ;
; N/A   ; Restricted to 275.03 MHz ( period = 3.636 ns ) ; My74161:inst|Q[1]  ; My74161:inst|Q[0]  ; CP1        ; CP1      ; None                        ; None                      ; 1.920 ns                ;
; N/A   ; Restricted to 275.03 MHz ( period = 3.636 ns ) ; My74161:inst1|Q[1] ; My74161:inst1|Q[2] ; CP1        ; CP1      ; None                        ; None                      ; 1.884 ns                ;
; N/A   ; Restricted to 275.03 MHz ( period = 3.636 ns ) ; My74161:inst|Q[0]  ; My74161:inst|Q[1]  ; CP1        ; CP1      ; None                        ; None                      ; 1.760 ns                ;
; N/A   ; Restricted to 275.03 MHz ( period = 3.636 ns ) ; My74161:inst|Q[0]  ; My74161:inst|Q[0]  ; CP1        ; CP1      ; None                        ; None                      ; 1.756 ns                ;
; N/A   ; Restricted to 275.03 MHz ( period = 3.636 ns ) ; My74161:inst1|Q[2] ; My74161:inst1|Q[3] ; CP1        ; CP1      ; None                        ; None                      ; 1.730 ns                ;
; N/A   ; Restricted to 275.03 MHz ( period = 3.636 ns ) ; My74161:inst|Q[0]  ; My74161:inst1|Q[0] ; CP1        ; CP1      ; None                        ; None                      ; 1.669 ns                ;
; N/A   ; Restricted to 275.03 MHz ( period = 3.636 ns ) ; My74161:inst|Q[3]  ; My74161:inst|Q[0]  ; CP1        ; CP1      ; None                        ; None                      ; 1.651 ns                ;
; N/A   ; Restricted to 275.03 MHz ( period = 3.636 ns ) ; My74161:inst1|Q[1] ; My74161:inst1|Q[1] ; CP1        ; CP1      ; None                        ; None                      ; 1.260 ns                ;
; N/A   ; Restricted to 275.03 MHz ( period = 3.636 ns ) ; My74161:inst1|Q[2] ; My74161:inst1|Q[2] ; CP1        ; CP1      ; None                        ; None                      ; 1.118 ns                ;
; N/A   ; Restricted to 275.03 MHz ( period = 3.636 ns ) ; My74161:inst1|Q[3] ; My74161:inst1|Q[3] ; CP1        ; CP1      ; None                        ; None                      ; 1.114 ns                ;
; N/A   ; Restricted to 275.03 MHz ( period = 3.636 ns ) ; My74161:inst1|Q[0] ; My74161:inst|Q[0]  ; CP1        ; CP1      ; None                        ; None                      ; 0.843 ns                ;
+-------+------------------------------------------------+--------------------+--------------------+------------+----------+-----------------------------+---------------------------+-------------------------+


+---------------------------------------------------------------------------------------------------------------------------------------------------------------------------------------------------------------------------------------------------------------------+
; Clock Setup: 'CP2'                                                                                                                                                                                                                                                  ;
+-----------------------------------------+-----------------------------------------------------+----------------------------+----------------------------+------------+----------+-----------------------------+---------------------------+-------------------------+
; Slack                                   ; Actual fmax (period)                                ; From                       ; To                         ; From Clock ; To Clock ; Required Setup Relationship ; Required Longest P2P Time ; Actual Longest P2P Time ;
+-----------------------------------------+-----------------------------------------------------+----------------------------+----------------------------+------------+----------+-----------------------------+---------------------------+-------------------------+
; N/A                                     ; 167.56 MHz ( period = 5.968 ns )                    ; myTwoSeg7:inst8|cnt20k[5]  ; myTwoSeg7:inst8|cnt20k[10] ; CP2        ; CP2      ; None                        ; None                      ; 5.707 ns                ;
; N/A                                     ; 167.59 MHz ( period = 5.967 ns )                    ; myTwoSeg7:inst8|cnt20k[5]  ; myTwoSeg7:inst8|cnt20k[5]  ; CP2        ; CP2      ; None                        ; None                      ; 5.706 ns                ;
; N/A                                     ; 167.59 MHz ( period = 5.967 ns )                    ; myTwoSeg7:inst8|cnt20k[5]  ; myTwoSeg7:inst8|cnt20k[11] ; CP2        ; CP2      ; None                        ; None                      ; 5.706 ns                ;
; N/A                                     ; 167.64 MHz ( period = 5.965 ns )                    ; myTwoSeg7:inst8|cnt20k[5]  ; myTwoSeg7:inst8|cnt20k[9]  ; CP2        ; CP2      ; None                        ; None                      ; 5.704 ns                ;
; N/A                                     ; 177.02 MHz ( period = 5.649 ns )                    ; myTwoSeg7:inst8|cnt20k[6]  ; myTwoSeg7:inst8|cnt20k[10] ; CP2        ; CP2      ; None                        ; None                      ; 5.388 ns                ;
; N/A                                     ; 177.05 MHz ( period = 5.648 ns )                    ; myTwoSeg7:inst8|cnt20k[6]  ; myTwoSeg7:inst8|cnt20k[5]  ; CP2        ; CP2      ; None                        ; None                      ; 5.387 ns                ;
; N/A                                     ; 177.05 MHz ( period = 5.648 ns )                    ; myTwoSeg7:inst8|cnt20k[6]  ; myTwoSeg7:inst8|cnt20k[11] ; CP2        ; CP2      ; None                        ; None                      ; 5.387 ns                ;
; N/A                                     ; 177.12 MHz ( period = 5.646 ns )                    ; myTwoSeg7:inst8|cnt20k[6]  ; myTwoSeg7:inst8|cnt20k[9]  ; CP2        ; CP2      ; None                        ; None                      ; 5.385 ns                ;
; N/A                                     ; 179.95 MHz ( period = 5.557 ns )                    ; myTwoSeg7:inst8|cnt20k[28] ; myTwoSeg7:inst8|cnt20k[10] ; CP2        ; CP2      ; None                        ; None                      ; 5.296 ns                ;
; N/A                                     ; 179.99 MHz ( period = 5.556 ns )                    ; myTwoSeg7:inst8|cnt20k[28] ; myTwoSeg7:inst8|cnt20k[5]  ; CP2        ; CP2      ; None                        ; None                      ; 5.295 ns                ;
; N/A                                     ; 179.99 MHz ( period = 5.556 ns )                    ; myTwoSeg7:inst8|cnt20k[28] ; myTwoSeg7:inst8|cnt20k[11] ; CP2        ; CP2      ; None                        ; None                      ; 5.295 ns                ;
; N/A                                     ; 180.05 MHz ( period = 5.554 ns )                    ; myTwoSeg7:inst8|cnt20k[28] ; myTwoSeg7:inst8|cnt20k[9]  ; CP2        ; CP2      ; None                        ; None                      ; 5.293 ns                ;
; N/A                                     ; 183.82 MHz ( period = 5.440 ns )                    ; myTwoSeg7:inst8|cnt20k[14] ; myTwoSeg7:inst8|cnt20k[10] ; CP2        ; CP2      ; None                        ; None                      ; 5.179 ns                ;
; N/A                                     ; 183.86 MHz ( period = 5.439 ns )                    ; myTwoSeg7:inst8|cnt20k[14] ; myTwoSeg7:inst8|cnt20k[5]  ; CP2        ; CP2      ; None                        ; None                      ; 5.178 ns                ;
; N/A                                     ; 183.86 MHz ( period = 5.439 ns )                    ; myTwoSeg7:inst8|cnt20k[14] ; myTwoSeg7:inst8|cnt20k[11] ; CP2        ; CP2      ; None                        ; None                      ; 5.178 ns                ;
; N/A                                     ; 183.92 MHz ( period = 5.437 ns )                    ; myTwoSeg7:inst8|cnt20k[14] ; myTwoSeg7:inst8|cnt20k[9]  ; CP2        ; CP2      ; None                        ; None                      ; 5.176 ns                ;
; N/A                                     ; 185.74 MHz ( period = 5.384 ns )                    ; myTwoSeg7:inst8|cnt20k[7]  ; myTwoSeg7:inst8|cnt20k[10] ; CP2        ; CP2      ; None                        ; None                      ; 5.123 ns                ;
; N/A                                     ; 185.77 MHz ( period = 5.383 ns )                    ; myTwoSeg7:inst8|cnt20k[7]  ; myTwoSeg7:inst8|cnt20k[5]  ; CP2        ; CP2      ; None                        ; None                      ; 5.122 ns                ;
; N/A                                     ; 185.77 MHz ( period = 5.383 ns )                    ; myTwoSeg7:inst8|cnt20k[7]  ; myTwoSeg7:inst8|cnt20k[11] ; CP2        ; CP2      ; None                        ; None                      ; 5.122 ns                ;
; N/A                                     ; 185.84 MHz ( period = 5.381 ns )                    ; myTwoSeg7:inst8|cnt20k[29] ; myTwoSeg7:inst8|cnt20k[10] ; CP2        ; CP2      ; None                        ; None                      ; 5.120 ns                ;
; N/A                                     ; 185.84 MHz ( period = 5.381 ns )                    ; myTwoSeg7:inst8|cnt20k[7]  ; myTwoSeg7:inst8|cnt20k[9]  ; CP2        ; CP2      ; None                        ; None                      ; 5.120 ns                ;
; N/A                                     ; 185.87 MHz ( period = 5.380 ns )                    ; myTwoSeg7:inst8|cnt20k[29] ; myTwoSeg7:inst8|cnt20k[5]  ; CP2        ; CP2      ; None                        ; None                      ; 5.119 ns                ;
; N/A                                     ; 185.87 MHz ( period = 5.380 ns )                    ; myTwoSeg7:inst8|cnt20k[29] ; myTwoSeg7:inst8|cnt20k[11] ; CP2        ; CP2      ; None                        ; None                      ; 5.119 ns                ;
; N/A                                     ; 185.94 MHz ( period = 5.378 ns )                    ; myTwoSeg7:inst8|cnt20k[29] ; myTwoSeg7:inst8|cnt20k[9]  ; CP2        ; CP2      ; None                        ; None                      ; 5.117 ns                ;
; N/A                                     ; 187.62 MHz ( period = 5.330 ns )                    ; myTwoSeg7:inst8|cnt20k[9]  ; myTwoSeg7:inst8|cnt20k[10] ; CP2        ; CP2      ; None                        ; None                      ; 5.069 ns                ;
; N/A                                     ; 187.65 MHz ( period = 5.329 ns )                    ; myTwoSeg7:inst8|cnt20k[9]  ; myTwoSeg7:inst8|cnt20k[5]  ; CP2        ; CP2      ; None                        ; None                      ; 5.068 ns                ;
; N/A                                     ; 187.65 MHz ( period = 5.329 ns )                    ; myTwoSeg7:inst8|cnt20k[9]  ; myTwoSeg7:inst8|cnt20k[11] ; CP2        ; CP2      ; None                        ; None                      ; 5.068 ns                ;
; N/A                                     ; 187.72 MHz ( period = 5.327 ns )                    ; myTwoSeg7:inst8|cnt20k[9]  ; myTwoSeg7:inst8|cnt20k[9]  ; CP2        ; CP2      ; None                        ; None                      ; 5.066 ns                ;
; N/A                                     ; 188.22 MHz ( period = 5.313 ns )                    ; myTwoSeg7:inst8|cnt20k[5]  ; myTwoSeg7:inst8|cnt20k[14] ; CP2        ; CP2      ; None                        ; None                      ; 5.052 ns                ;
; N/A                                     ; 188.79 MHz ( period = 5.297 ns )                    ; myTwoSeg7:inst8|cnt20k[27] ; myTwoSeg7:inst8|cnt20k[10] ; CP2        ; CP2      ; None                        ; None                      ; 5.036 ns                ;
; N/A                                     ; 188.82 MHz ( period = 5.296 ns )                    ; myTwoSeg7:inst8|cnt20k[27] ; myTwoSeg7:inst8|cnt20k[5]  ; CP2        ; CP2      ; None                        ; None                      ; 5.035 ns                ;
; N/A                                     ; 188.82 MHz ( period = 5.296 ns )                    ; myTwoSeg7:inst8|cnt20k[27] ; myTwoSeg7:inst8|cnt20k[11] ; CP2        ; CP2      ; None                        ; None                      ; 5.035 ns                ;
; N/A                                     ; 188.89 MHz ( period = 5.294 ns )                    ; myTwoSeg7:inst8|cnt20k[27] ; myTwoSeg7:inst8|cnt20k[9]  ; CP2        ; CP2      ; None                        ; None                      ; 5.033 ns                ;
; N/A                                     ; 193.12 MHz ( period = 5.178 ns )                    ; myTwoSeg7:inst8|cnt20k[13] ; myTwoSeg7:inst8|cnt20k[10] ; CP2        ; CP2      ; None                        ; None                      ; 4.917 ns                ;
; N/A                                     ; 193.16 MHz ( period = 5.177 ns )                    ; myTwoSeg7:inst8|cnt20k[13] ; myTwoSeg7:inst8|cnt20k[5]  ; CP2        ; CP2      ; None                        ; None                      ; 4.916 ns                ;
; N/A                                     ; 193.16 MHz ( period = 5.177 ns )                    ; myTwoSeg7:inst8|cnt20k[13] ; myTwoSeg7:inst8|cnt20k[11] ; CP2        ; CP2      ; None                        ; None                      ; 4.916 ns                ;
; N/A                                     ; 193.24 MHz ( period = 5.175 ns )                    ; myTwoSeg7:inst8|cnt20k[13] ; myTwoSeg7:inst8|cnt20k[9]  ; CP2        ; CP2      ; None                        ; None                      ; 4.914 ns                ;
; N/A                                     ; 194.51 MHz ( period = 5.141 ns )                    ; myTwoSeg7:inst8|cnt20k[10] ; myTwoSeg7:inst8|cnt20k[10] ; CP2        ; CP2      ; None                        ; None                      ; 4.880 ns                ;
; N/A                                     ; 194.55 MHz ( period = 5.140 ns )                    ; myTwoSeg7:inst8|cnt20k[10] ; myTwoSeg7:inst8|cnt20k[5]  ; CP2        ; CP2      ; None                        ; None                      ; 4.879 ns                ;
; N/A                                     ; 194.55 MHz ( period = 5.140 ns )                    ; myTwoSeg7:inst8|cnt20k[10] ; myTwoSeg7:inst8|cnt20k[11] ; CP2        ; CP2      ; None                        ; None                      ; 4.879 ns                ;
; N/A                                     ; 194.63 MHz ( period = 5.138 ns )                    ; myTwoSeg7:inst8|cnt20k[0]  ; myTwoSeg7:inst8|cnt20k[10] ; CP2        ; CP2      ; None                        ; None                      ; 4.877 ns                ;
; N/A                                     ; 194.63 MHz ( period = 5.138 ns )                    ; myTwoSeg7:inst8|cnt20k[10] ; myTwoSeg7:inst8|cnt20k[9]  ; CP2        ; CP2      ; None                        ; None                      ; 4.877 ns                ;
; N/A                                     ; 194.67 MHz ( period = 5.137 ns )                    ; myTwoSeg7:inst8|cnt20k[0]  ; myTwoSeg7:inst8|cnt20k[5]  ; CP2        ; CP2      ; None                        ; None                      ; 4.876 ns                ;
; N/A                                     ; 194.67 MHz ( period = 5.137 ns )                    ; myTwoSeg7:inst8|cnt20k[0]  ; myTwoSeg7:inst8|cnt20k[11] ; CP2        ; CP2      ; None                        ; None                      ; 4.876 ns                ;
; N/A                                     ; 194.74 MHz ( period = 5.135 ns )                    ; myTwoSeg7:inst8|cnt20k[0]  ; myTwoSeg7:inst8|cnt20k[9]  ; CP2        ; CP2      ; None                        ; None                      ; 4.874 ns                ;
; N/A                                     ; 195.50 MHz ( period = 5.115 ns )                    ; myTwoSeg7:inst8|cnt20k[21] ; myTwoSeg7:inst8|cnt20k[10] ; CP2        ; CP2      ; None                        ; None                      ; 4.854 ns                ;
; N/A                                     ; 195.54 MHz ( period = 5.114 ns )                    ; myTwoSeg7:inst8|cnt20k[21] ; myTwoSeg7:inst8|cnt20k[5]  ; CP2        ; CP2      ; None                        ; None                      ; 4.853 ns                ;
; N/A                                     ; 195.54 MHz ( period = 5.114 ns )                    ; myTwoSeg7:inst8|cnt20k[21] ; myTwoSeg7:inst8|cnt20k[11] ; CP2        ; CP2      ; None                        ; None                      ; 4.853 ns                ;
; N/A                                     ; 195.62 MHz ( period = 5.112 ns )                    ; myTwoSeg7:inst8|cnt20k[21] ; myTwoSeg7:inst8|cnt20k[9]  ; CP2        ; CP2      ; None                        ; None                      ; 4.851 ns                ;
; N/A                                     ; 198.41 MHz ( period = 5.040 ns )                    ; myTwoSeg7:inst8|cnt20k[20] ; myTwoSeg7:inst8|cnt20k[10] ; CP2        ; CP2      ; None                        ; None                      ; 4.779 ns                ;
; N/A                                     ; 198.45 MHz ( period = 5.039 ns )                    ; myTwoSeg7:inst8|cnt20k[20] ; myTwoSeg7:inst8|cnt20k[5]  ; CP2        ; CP2      ; None                        ; None                      ; 4.778 ns                ;
; N/A                                     ; 198.45 MHz ( period = 5.039 ns )                    ; myTwoSeg7:inst8|cnt20k[20] ; myTwoSeg7:inst8|cnt20k[11] ; CP2        ; CP2      ; None                        ; None                      ; 4.778 ns                ;
; N/A                                     ; 198.53 MHz ( period = 5.037 ns )                    ; myTwoSeg7:inst8|cnt20k[20] ; myTwoSeg7:inst8|cnt20k[9]  ; CP2        ; CP2      ; None                        ; None                      ; 4.776 ns                ;
; N/A                                     ; 199.36 MHz ( period = 5.016 ns )                    ; myTwoSeg7:inst8|cnt20k[4]  ; myTwoSeg7:inst8|cnt20k[26] ; CP2        ; CP2      ; None                        ; None                      ; 4.755 ns                ;
; N/A                                     ; 200.24 MHz ( period = 4.994 ns )                    ; myTwoSeg7:inst8|cnt20k[6]  ; myTwoSeg7:inst8|cnt20k[14] ; CP2        ; CP2      ; None                        ; None                      ; 4.733 ns                ;
; N/A                                     ; 200.44 MHz ( period = 4.989 ns )                    ; myTwoSeg7:inst8|cnt20k[15] ; myTwoSeg7:inst8|cnt20k[10] ; CP2        ; CP2      ; None                        ; None                      ; 4.728 ns                ;
; N/A                                     ; 200.48 MHz ( period = 4.988 ns )                    ; myTwoSeg7:inst8|cnt20k[15] ; myTwoSeg7:inst8|cnt20k[5]  ; CP2        ; CP2      ; None                        ; None                      ; 4.727 ns                ;
; N/A                                     ; 200.48 MHz ( period = 4.988 ns )                    ; myTwoSeg7:inst8|cnt20k[15] ; myTwoSeg7:inst8|cnt20k[11] ; CP2        ; CP2      ; None                        ; None                      ; 4.727 ns                ;
; N/A                                     ; 200.56 MHz ( period = 4.986 ns )                    ; myTwoSeg7:inst8|cnt20k[15] ; myTwoSeg7:inst8|cnt20k[9]  ; CP2        ; CP2      ; None                        ; None                      ; 4.725 ns                ;
; N/A                                     ; 201.01 MHz ( period = 4.975 ns )                    ; myTwoSeg7:inst8|cnt20k[1]  ; myTwoSeg7:inst8|cnt20k[10] ; CP2        ; CP2      ; None                        ; None                      ; 4.714 ns                ;
; N/A                                     ; 201.05 MHz ( period = 4.974 ns )                    ; myTwoSeg7:inst8|cnt20k[1]  ; myTwoSeg7:inst8|cnt20k[5]  ; CP2        ; CP2      ; None                        ; None                      ; 4.713 ns                ;
; N/A                                     ; 201.05 MHz ( period = 4.974 ns )                    ; myTwoSeg7:inst8|cnt20k[1]  ; myTwoSeg7:inst8|cnt20k[11] ; CP2        ; CP2      ; None                        ; None                      ; 4.713 ns                ;
; N/A                                     ; 201.13 MHz ( period = 4.972 ns )                    ; myTwoSeg7:inst8|cnt20k[1]  ; myTwoSeg7:inst8|cnt20k[9]  ; CP2        ; CP2      ; None                        ; None                      ; 4.711 ns                ;
; N/A                                     ; 201.13 MHz ( period = 4.972 ns )                    ; myTwoSeg7:inst8|cnt20k[13] ; myTwoSeg7:inst8|cnt20k[26] ; CP2        ; CP2      ; None                        ; None                      ; 4.711 ns                ;
; N/A                                     ; 201.29 MHz ( period = 4.968 ns )                    ; myTwoSeg7:inst8|cnt20k[4]  ; myTwoSeg7:inst8|cnt20k[16] ; CP2        ; CP2      ; None                        ; None                      ; 4.707 ns                ;
; N/A                                     ; 202.51 MHz ( period = 4.938 ns )                    ; myTwoSeg7:inst8|cnt20k[19] ; myTwoSeg7:inst8|cnt20k[10] ; CP2        ; CP2      ; None                        ; None                      ; 4.677 ns                ;
; N/A                                     ; 202.55 MHz ( period = 4.937 ns )                    ; myTwoSeg7:inst8|cnt20k[19] ; myTwoSeg7:inst8|cnt20k[5]  ; CP2        ; CP2      ; None                        ; None                      ; 4.676 ns                ;
; N/A                                     ; 202.55 MHz ( period = 4.937 ns )                    ; myTwoSeg7:inst8|cnt20k[19] ; myTwoSeg7:inst8|cnt20k[11] ; CP2        ; CP2      ; None                        ; None                      ; 4.676 ns                ;
; N/A                                     ; 202.63 MHz ( period = 4.935 ns )                    ; myTwoSeg7:inst8|cnt20k[19] ; myTwoSeg7:inst8|cnt20k[9]  ; CP2        ; CP2      ; None                        ; None                      ; 4.674 ns                ;
; N/A                                     ; 202.76 MHz ( period = 4.932 ns )                    ; myTwoSeg7:inst8|cnt20k[12] ; myTwoSeg7:inst8|cnt20k[10] ; CP2        ; CP2      ; None                        ; None                      ; 4.671 ns                ;
; N/A                                     ; 202.80 MHz ( period = 4.931 ns )                    ; myTwoSeg7:inst8|cnt20k[12] ; myTwoSeg7:inst8|cnt20k[5]  ; CP2        ; CP2      ; None                        ; None                      ; 4.670 ns                ;
; N/A                                     ; 202.80 MHz ( period = 4.931 ns )                    ; myTwoSeg7:inst8|cnt20k[12] ; myTwoSeg7:inst8|cnt20k[11] ; CP2        ; CP2      ; None                        ; None                      ; 4.670 ns                ;
; N/A                                     ; 202.88 MHz ( period = 4.929 ns )                    ; myTwoSeg7:inst8|cnt20k[12] ; myTwoSeg7:inst8|cnt20k[9]  ; CP2        ; CP2      ; None                        ; None                      ; 4.668 ns                ;
; N/A                                     ; 203.09 MHz ( period = 4.924 ns )                    ; myTwoSeg7:inst8|cnt20k[13] ; myTwoSeg7:inst8|cnt20k[16] ; CP2        ; CP2      ; None                        ; None                      ; 4.663 ns                ;
; N/A                                     ; 204.00 MHz ( period = 4.902 ns )                    ; myTwoSeg7:inst8|cnt20k[7]  ; myTwoSeg7:inst8|cnt20k[26] ; CP2        ; CP2      ; None                        ; None                      ; 4.641 ns                ;
; N/A                                     ; 204.00 MHz ( period = 4.902 ns )                    ; myTwoSeg7:inst8|cnt20k[28] ; myTwoSeg7:inst8|cnt20k[14] ; CP2        ; CP2      ; None                        ; None                      ; 4.641 ns                ;
; N/A                                     ; 205.30 MHz ( period = 4.871 ns )                    ; myTwoSeg7:inst8|cnt20k[16] ; myTwoSeg7:inst8|cnt20k[26] ; CP2        ; CP2      ; None                        ; None                      ; 4.610 ns                ;
; N/A                                     ; 205.72 MHz ( period = 4.861 ns )                    ; myTwoSeg7:inst8|cnt20k[4]  ; myTwoSeg7:inst8|cnt20k[14] ; CP2        ; CP2      ; None                        ; None                      ; 4.600 ns                ;
; N/A                                     ; 206.02 MHz ( period = 4.854 ns )                    ; myTwoSeg7:inst8|cnt20k[7]  ; myTwoSeg7:inst8|cnt20k[16] ; CP2        ; CP2      ; None                        ; None                      ; 4.593 ns                ;
; N/A                                     ; 206.31 MHz ( period = 4.847 ns )                    ; myTwoSeg7:inst8|cnt20k[5]  ; myTwoSeg7:inst8|cnt20k[26] ; CP2        ; CP2      ; None                        ; None                      ; 4.586 ns                ;
; N/A                                     ; 206.36 MHz ( period = 4.846 ns )                    ; myTwoSeg7:inst8|cnt20k[4]  ; myTwoSeg7:inst8|cnt20k[17] ; CP2        ; CP2      ; None                        ; None                      ; 4.585 ns                ;
; N/A                                     ; 206.70 MHz ( period = 4.838 ns )                    ; myTwoSeg7:inst8|cnt20k[16] ; myTwoSeg7:inst8|cnt20k[10] ; CP2        ; CP2      ; None                        ; None                      ; 4.577 ns                ;
; N/A                                     ; 206.74 MHz ( period = 4.837 ns )                    ; myTwoSeg7:inst8|cnt20k[16] ; myTwoSeg7:inst8|cnt20k[5]  ; CP2        ; CP2      ; None                        ; None                      ; 4.576 ns                ;
; N/A                                     ; 206.74 MHz ( period = 4.837 ns )                    ; myTwoSeg7:inst8|cnt20k[16] ; myTwoSeg7:inst8|cnt20k[11] ; CP2        ; CP2      ; None                        ; None                      ; 4.576 ns                ;
; N/A                                     ; 206.83 MHz ( period = 4.835 ns )                    ; myTwoSeg7:inst8|cnt20k[16] ; myTwoSeg7:inst8|cnt20k[9]  ; CP2        ; CP2      ; None                        ; None                      ; 4.574 ns                ;
; N/A                                     ; 207.86 MHz ( period = 4.811 ns )                    ; myTwoSeg7:inst8|cnt20k[23] ; myTwoSeg7:inst8|cnt20k[10] ; CP2        ; CP2      ; None                        ; None                      ; 4.550 ns                ;
; N/A                                     ; 207.90 MHz ( period = 4.810 ns )                    ; myTwoSeg7:inst8|cnt20k[23] ; myTwoSeg7:inst8|cnt20k[5]  ; CP2        ; CP2      ; None                        ; None                      ; 4.549 ns                ;
; N/A                                     ; 207.90 MHz ( period = 4.810 ns )                    ; myTwoSeg7:inst8|cnt20k[23] ; myTwoSeg7:inst8|cnt20k[11] ; CP2        ; CP2      ; None                        ; None                      ; 4.549 ns                ;
; N/A                                     ; 207.99 MHz ( period = 4.808 ns )                    ; myTwoSeg7:inst8|cnt20k[23] ; myTwoSeg7:inst8|cnt20k[9]  ; CP2        ; CP2      ; None                        ; None                      ; 4.547 ns                ;
; N/A                                     ; 208.25 MHz ( period = 4.802 ns )                    ; myTwoSeg7:inst8|cnt20k[13] ; myTwoSeg7:inst8|cnt20k[17] ; CP2        ; CP2      ; None                        ; None                      ; 4.541 ns                ;
; N/A                                     ; 208.33 MHz ( period = 4.800 ns )                    ; myTwoSeg7:inst8|cnt20k[30] ; myTwoSeg7:inst8|cnt20k[10] ; CP2        ; CP2      ; None                        ; None                      ; 4.539 ns                ;
; N/A                                     ; 208.38 MHz ( period = 4.799 ns )                    ; myTwoSeg7:inst8|cnt20k[30] ; myTwoSeg7:inst8|cnt20k[5]  ; CP2        ; CP2      ; None                        ; None                      ; 4.538 ns                ;
; N/A                                     ; 208.38 MHz ( period = 4.799 ns )                    ; myTwoSeg7:inst8|cnt20k[30] ; myTwoSeg7:inst8|cnt20k[11] ; CP2        ; CP2      ; None                        ; None                      ; 4.538 ns                ;
; N/A                                     ; 208.38 MHz ( period = 4.799 ns )                    ; myTwoSeg7:inst8|cnt20k[5]  ; myTwoSeg7:inst8|cnt20k[16] ; CP2        ; CP2      ; None                        ; None                      ; 4.538 ns                ;
; N/A                                     ; 208.46 MHz ( period = 4.797 ns )                    ; myTwoSeg7:inst8|cnt20k[30] ; myTwoSeg7:inst8|cnt20k[9]  ; CP2        ; CP2      ; None                        ; None                      ; 4.536 ns                ;
; N/A                                     ; 208.99 MHz ( period = 4.785 ns )                    ; myTwoSeg7:inst8|cnt20k[14] ; myTwoSeg7:inst8|cnt20k[14] ; CP2        ; CP2      ; None                        ; None                      ; 4.524 ns                ;
; N/A                                     ; 209.51 MHz ( period = 4.773 ns )                    ; myTwoSeg7:inst8|cnt20k[11] ; myTwoSeg7:inst8|cnt20k[10] ; CP2        ; CP2      ; None                        ; None                      ; 4.512 ns                ;
; N/A                                     ; 209.56 MHz ( period = 4.772 ns )                    ; myTwoSeg7:inst8|cnt20k[11] ; myTwoSeg7:inst8|cnt20k[5]  ; CP2        ; CP2      ; None                        ; None                      ; 4.511 ns                ;
; N/A                                     ; 209.56 MHz ( period = 4.772 ns )                    ; myTwoSeg7:inst8|cnt20k[11] ; myTwoSeg7:inst8|cnt20k[11] ; CP2        ; CP2      ; None                        ; None                      ; 4.511 ns                ;
; N/A                                     ; 209.64 MHz ( period = 4.770 ns )                    ; myTwoSeg7:inst8|cnt20k[11] ; myTwoSeg7:inst8|cnt20k[9]  ; CP2        ; CP2      ; None                        ; None                      ; 4.509 ns                ;
; N/A                                     ; 210.66 MHz ( period = 4.747 ns )                    ; myTwoSeg7:inst8|cnt20k[7]  ; myTwoSeg7:inst8|cnt20k[14] ; CP2        ; CP2      ; None                        ; None                      ; 4.486 ns                ;
; N/A                                     ; 211.33 MHz ( period = 4.732 ns )                    ; myTwoSeg7:inst8|cnt20k[7]  ; myTwoSeg7:inst8|cnt20k[17] ; CP2        ; CP2      ; None                        ; None                      ; 4.471 ns                ;
; N/A                                     ; 211.60 MHz ( period = 4.726 ns )                    ; myTwoSeg7:inst8|cnt20k[29] ; myTwoSeg7:inst8|cnt20k[14] ; CP2        ; CP2      ; None                        ; None                      ; 4.465 ns                ;
; N/A                                     ; 211.95 MHz ( period = 4.718 ns )                    ; myTwoSeg7:inst8|cnt20k[4]  ; myTwoSeg7:inst8|cnt20k[19] ; CP2        ; CP2      ; None                        ; None                      ; 4.457 ns                ;
; N/A                                     ; 213.81 MHz ( period = 4.677 ns )                    ; myTwoSeg7:inst8|cnt20k[4]  ; myTwoSeg7:inst8|cnt20k[9]  ; CP2        ; CP2      ; None                        ; None                      ; 4.416 ns                ;
; N/A                                     ; 213.81 MHz ( period = 4.677 ns )                    ; myTwoSeg7:inst8|cnt20k[5]  ; myTwoSeg7:inst8|cnt20k[17] ; CP2        ; CP2      ; None                        ; None                      ; 4.416 ns                ;
; N/A                                     ; 213.90 MHz ( period = 4.675 ns )                    ; myTwoSeg7:inst8|cnt20k[9]  ; myTwoSeg7:inst8|cnt20k[14] ; CP2        ; CP2      ; None                        ; None                      ; 4.414 ns                ;
; N/A                                     ; 213.95 MHz ( period = 4.674 ns )                    ; myTwoSeg7:inst8|cnt20k[13] ; myTwoSeg7:inst8|cnt20k[19] ; CP2        ; CP2      ; None                        ; None                      ; 4.413 ns                ;
; N/A                                     ; 214.04 MHz ( period = 4.672 ns )                    ; myTwoSeg7:inst8|cnt20k[13] ; myTwoSeg7:inst8|cnt20k[14] ; CP2        ; CP2      ; None                        ; None                      ; 4.411 ns                ;
; N/A                                     ; 214.22 MHz ( period = 4.668 ns )                    ; myTwoSeg7:inst8|cnt20k[4]  ; myTwoSeg7:inst8|cnt20k[27] ; CP2        ; CP2      ; None                        ; None                      ; 4.407 ns                ;
; N/A                                     ; 214.32 MHz ( period = 4.666 ns )                    ; myTwoSeg7:inst8|cnt20k[2]  ; myTwoSeg7:inst8|cnt20k[10] ; CP2        ; CP2      ; None                        ; None                      ; 4.405 ns                ;
; N/A                                     ; 214.36 MHz ( period = 4.665 ns )                    ; myTwoSeg7:inst8|cnt20k[2]  ; myTwoSeg7:inst8|cnt20k[5]  ; CP2        ; CP2      ; None                        ; None                      ; 4.404 ns                ;
; N/A                                     ; 214.36 MHz ( period = 4.665 ns )                    ; myTwoSeg7:inst8|cnt20k[2]  ; myTwoSeg7:inst8|cnt20k[11] ; CP2        ; CP2      ; None                        ; None                      ; 4.404 ns                ;
; N/A                                     ; 214.36 MHz ( period = 4.665 ns )                    ; myTwoSeg7:inst8|cnt20k[4]  ; myTwoSeg7:inst8|cnt20k[20] ; CP2        ; CP2      ; None                        ; None                      ; 4.404 ns                ;
; N/A                                     ; 214.45 MHz ( period = 4.663 ns )                    ; myTwoSeg7:inst8|cnt20k[2]  ; myTwoSeg7:inst8|cnt20k[9]  ; CP2        ; CP2      ; None                        ; None                      ; 4.402 ns                ;
; N/A                                     ; 214.68 MHz ( period = 4.658 ns )                    ; myTwoSeg7:inst8|cnt20k[17] ; myTwoSeg7:inst8|cnt20k[26] ; CP2        ; CP2      ; None                        ; None                      ; 4.397 ns                ;
; N/A                                     ; 215.05 MHz ( period = 4.650 ns )                    ; myTwoSeg7:inst8|cnt20k[4]  ; myTwoSeg7:inst8|cnt20k[22] ; CP2        ; CP2      ; None                        ; None                      ; 4.389 ns                ;
; N/A                                     ; 215.19 MHz ( period = 4.647 ns )                    ; myTwoSeg7:inst8|cnt20k[8]  ; myTwoSeg7:inst8|cnt20k[26] ; CP2        ; CP2      ; None                        ; None                      ; 4.386 ns                ;
; N/A                                     ; 215.42 MHz ( period = 4.642 ns )                    ; myTwoSeg7:inst8|cnt20k[27] ; myTwoSeg7:inst8|cnt20k[14] ; CP2        ; CP2      ; None                        ; None                      ; 4.381 ns                ;
; N/A                                     ; 216.17 MHz ( period = 4.626 ns )                    ; myTwoSeg7:inst8|cnt20k[4]  ; myTwoSeg7:inst8|cnt20k[23] ; CP2        ; CP2      ; None                        ; None                      ; 4.365 ns                ;
; N/A                                     ; 216.26 MHz ( period = 4.624 ns )                    ; myTwoSeg7:inst8|cnt20k[13] ; myTwoSeg7:inst8|cnt20k[27] ; CP2        ; CP2      ; None                        ; None                      ; 4.363 ns                ;
; N/A                                     ; 216.40 MHz ( period = 4.621 ns )                    ; myTwoSeg7:inst8|cnt20k[13] ; myTwoSeg7:inst8|cnt20k[20] ; CP2        ; CP2      ; None                        ; None                      ; 4.360 ns                ;
; N/A                                     ; 217.11 MHz ( period = 4.606 ns )                    ; myTwoSeg7:inst8|cnt20k[13] ; myTwoSeg7:inst8|cnt20k[22] ; CP2        ; CP2      ; None                        ; None                      ; 4.345 ns                ;
; N/A                                     ; 217.20 MHz ( period = 4.604 ns )                    ; myTwoSeg7:inst8|cnt20k[7]  ; myTwoSeg7:inst8|cnt20k[19] ; CP2        ; CP2      ; None                        ; None                      ; 4.343 ns                ;
; N/A                                     ; 217.44 MHz ( period = 4.599 ns )                    ; myTwoSeg7:inst8|cnt20k[4]  ; myTwoSeg7:inst8|cnt20k[5]  ; CP2        ; CP2      ; None                        ; None                      ; 4.338 ns                ;
; N/A                                     ; 217.44 MHz ( period = 4.599 ns )                    ; myTwoSeg7:inst8|cnt20k[8]  ; myTwoSeg7:inst8|cnt20k[16] ; CP2        ; CP2      ; None                        ; None                      ; 4.338 ns                ;
; N/A                                     ; 217.82 MHz ( period = 4.591 ns )                    ; myTwoSeg7:inst8|cnt20k[4]  ; myTwoSeg7:inst8|cnt20k[31] ; CP2        ; CP2      ; None                        ; None                      ; 4.330 ns                ;
; N/A                                     ; 218.25 MHz ( period = 4.582 ns )                    ; myTwoSeg7:inst8|cnt20k[13] ; myTwoSeg7:inst8|cnt20k[23] ; CP2        ; CP2      ; None                        ; None                      ; 4.321 ns                ;
; N/A                                     ; 218.67 MHz ( period = 4.573 ns )                    ; myTwoSeg7:inst8|cnt20k[6]  ; myTwoSeg7:inst8|cnt20k[26] ; CP2        ; CP2      ; None                        ; None                      ; 4.312 ns                ;
; N/A                                     ; 218.67 MHz ( period = 4.573 ns )                    ; myTwoSeg7:inst8|cnt20k[14] ; myTwoSeg7:inst8|cnt20k[26] ; CP2        ; CP2      ; None                        ; None                      ; 4.312 ns                ;
; N/A                                     ; 218.96 MHz ( period = 4.567 ns )                    ; myTwoSeg7:inst8|cnt20k[4]  ; myTwoSeg7:inst8|cnt20k[18] ; CP2        ; CP2      ; None                        ; None                      ; 4.306 ns                ;
; N/A                                     ; 219.59 MHz ( period = 4.554 ns )                    ; myTwoSeg7:inst8|cnt20k[7]  ; myTwoSeg7:inst8|cnt20k[27] ; CP2        ; CP2      ; None                        ; None                      ; 4.293 ns                ;
; N/A                                     ; 219.73 MHz ( period = 4.551 ns )                    ; myTwoSeg7:inst8|cnt20k[7]  ; myTwoSeg7:inst8|cnt20k[20] ; CP2        ; CP2      ; None                        ; None                      ; 4.290 ns                ;
; N/A                                     ; 219.83 MHz ( period = 4.549 ns )                    ; myTwoSeg7:inst8|cnt20k[5]  ; myTwoSeg7:inst8|cnt20k[19] ; CP2        ; CP2      ; None                        ; None                      ; 4.288 ns                ;
; N/A                                     ; 219.93 MHz ( period = 4.547 ns )                    ; myTwoSeg7:inst8|cnt20k[13] ; myTwoSeg7:inst8|cnt20k[31] ; CP2        ; CP2      ; None                        ; None                      ; 4.286 ns                ;
; N/A                                     ; 220.46 MHz ( period = 4.536 ns )                    ; myTwoSeg7:inst8|cnt20k[7]  ; myTwoSeg7:inst8|cnt20k[22] ; CP2        ; CP2      ; None                        ; None                      ; 4.275 ns                ;
; N/A                                     ; 220.99 MHz ( period = 4.525 ns )                    ; myTwoSeg7:inst8|cnt20k[17] ; myTwoSeg7:inst8|cnt20k[10] ; CP2        ; CP2      ; None                        ; None                      ; 4.264 ns                ;
; N/A                                     ; 220.99 MHz ( period = 4.525 ns )                    ; myTwoSeg7:inst8|cnt20k[6]  ; myTwoSeg7:inst8|cnt20k[16] ; CP2        ; CP2      ; None                        ; None                      ; 4.264 ns                ;
; N/A                                     ; 220.99 MHz ( period = 4.525 ns )                    ; myTwoSeg7:inst8|cnt20k[14] ; myTwoSeg7:inst8|cnt20k[16] ; CP2        ; CP2      ; None                        ; None                      ; 4.264 ns                ;
; N/A                                     ; 221.04 MHz ( period = 4.524 ns )                    ; myTwoSeg7:inst8|cnt20k[17] ; myTwoSeg7:inst8|cnt20k[5]  ; CP2        ; CP2      ; None                        ; None                      ; 4.263 ns                ;
; N/A                                     ; 221.04 MHz ( period = 4.524 ns )                    ; myTwoSeg7:inst8|cnt20k[17] ; myTwoSeg7:inst8|cnt20k[11] ; CP2        ; CP2      ; None                        ; None                      ; 4.263 ns                ;
; N/A                                     ; 221.09 MHz ( period = 4.523 ns )                    ; myTwoSeg7:inst8|cnt20k[16] ; myTwoSeg7:inst8|cnt20k[27] ; CP2        ; CP2      ; None                        ; None                      ; 4.262 ns                ;
; N/A                                     ; 221.09 MHz ( period = 4.523 ns )                    ; myTwoSeg7:inst8|cnt20k[13] ; myTwoSeg7:inst8|cnt20k[18] ; CP2        ; CP2      ; None                        ; None                      ; 4.262 ns                ;
; N/A                                     ; 221.14 MHz ( period = 4.522 ns )                    ; myTwoSeg7:inst8|cnt20k[17] ; myTwoSeg7:inst8|cnt20k[9]  ; CP2        ; CP2      ; None                        ; None                      ; 4.261 ns                ;
; N/A                                     ; 221.63 MHz ( period = 4.512 ns )                    ; myTwoSeg7:inst8|cnt20k[7]  ; myTwoSeg7:inst8|cnt20k[23] ; CP2        ; CP2      ; None                        ; None                      ; 4.251 ns                ;
; N/A                                     ; 221.98 MHz ( period = 4.505 ns )                    ; myTwoSeg7:inst8|cnt20k[16] ; myTwoSeg7:inst8|cnt20k[22] ; CP2        ; CP2      ; None                        ; None                      ; 4.244 ns                ;
; N/A                                     ; 222.27 MHz ( period = 4.499 ns )                    ; myTwoSeg7:inst8|cnt20k[5]  ; myTwoSeg7:inst8|cnt20k[27] ; CP2        ; CP2      ; None                        ; None                      ; 4.238 ns                ;
; N/A                                     ; 222.42 MHz ( period = 4.496 ns )                    ; myTwoSeg7:inst8|cnt20k[5]  ; myTwoSeg7:inst8|cnt20k[20] ; CP2        ; CP2      ; None                        ; None                      ; 4.235 ns                ;
; N/A                                     ; 222.62 MHz ( period = 4.492 ns )                    ; myTwoSeg7:inst8|cnt20k[8]  ; myTwoSeg7:inst8|cnt20k[14] ; CP2        ; CP2      ; None                        ; None                      ; 4.231 ns                ;
; N/A                                     ; 222.92 MHz ( period = 4.486 ns )                    ; myTwoSeg7:inst8|cnt20k[10] ; myTwoSeg7:inst8|cnt20k[14] ; CP2        ; CP2      ; None                        ; None                      ; 4.225 ns                ;
; N/A                                     ; 223.06 MHz ( period = 4.483 ns )                    ; myTwoSeg7:inst8|cnt20k[0]  ; myTwoSeg7:inst8|cnt20k[14] ; CP2        ; CP2      ; None                        ; None                      ; 4.222 ns                ;
; N/A                                     ; 223.16 MHz ( period = 4.481 ns )                    ; myTwoSeg7:inst8|cnt20k[20] ; myTwoSeg7:inst8|cnt20k[26] ; CP2        ; CP2      ; None                        ; None                      ; 4.220 ns                ;
; N/A                                     ; 223.16 MHz ( period = 4.481 ns )                    ; myTwoSeg7:inst8|cnt20k[16] ; myTwoSeg7:inst8|cnt20k[23] ; CP2        ; CP2      ; None                        ; None                      ; 4.220 ns                ;
; N/A                                     ; 223.16 MHz ( period = 4.481 ns )                    ; myTwoSeg7:inst8|cnt20k[5]  ; myTwoSeg7:inst8|cnt20k[22] ; CP2        ; CP2      ; None                        ; None                      ; 4.220 ns                ;
; N/A                                     ; 223.36 MHz ( period = 4.477 ns )                    ; myTwoSeg7:inst8|cnt20k[7]  ; myTwoSeg7:inst8|cnt20k[31] ; CP2        ; CP2      ; None                        ; None                      ; 4.216 ns                ;
; N/A                                     ; 223.36 MHz ( period = 4.477 ns )                    ; myTwoSeg7:inst8|cnt20k[8]  ; myTwoSeg7:inst8|cnt20k[17] ; CP2        ; CP2      ; None                        ; None                      ; 4.216 ns                ;
; N/A                                     ; 223.96 MHz ( period = 4.465 ns )                    ; myTwoSeg7:inst8|cnt20k[11] ; myTwoSeg7:inst8|cnt20k[26] ; CP2        ; CP2      ; None                        ; None                      ; 4.204 ns                ;
; N/A                                     ; 224.22 MHz ( period = 4.460 ns )                    ; myTwoSeg7:inst8|cnt20k[21] ; myTwoSeg7:inst8|cnt20k[14] ; CP2        ; CP2      ; None                        ; None                      ; 4.199 ns                ;
; N/A                                     ; 224.37 MHz ( period = 4.457 ns )                    ; myTwoSeg7:inst8|cnt20k[5]  ; myTwoSeg7:inst8|cnt20k[23] ; CP2        ; CP2      ; None                        ; None                      ; 4.196 ns                ;
; N/A                                     ; 224.57 MHz ( period = 4.453 ns )                    ; myTwoSeg7:inst8|cnt20k[7]  ; myTwoSeg7:inst8|cnt20k[18] ; CP2        ; CP2      ; None                        ; None                      ; 4.192 ns                ;
; N/A                                     ; 224.72 MHz ( period = 4.450 ns )                    ; myTwoSeg7:inst8|cnt20k[4]  ; myTwoSeg7:inst8|cnt20k[10] ; CP2        ; CP2      ; None                        ; None                      ; 4.189 ns                ;
; N/A                                     ; 224.77 MHz ( period = 4.449 ns )                    ; myTwoSeg7:inst8|cnt20k[4]  ; myTwoSeg7:inst8|cnt20k[11] ; CP2        ; CP2      ; None                        ; None                      ; 4.188 ns                ;
; N/A                                     ; 224.92 MHz ( period = 4.446 ns )                    ; myTwoSeg7:inst8|cnt20k[16] ; myTwoSeg7:inst8|cnt20k[31] ; CP2        ; CP2      ; None                        ; None                      ; 4.185 ns                ;
; N/A                                     ; 225.28 MHz ( period = 4.439 ns )                    ; myTwoSeg7:inst8|cnt20k[0]  ; myTwoSeg7:inst8|cnt20k[26] ; CP2        ; CP2      ; None                        ; None                      ; 4.178 ns                ;
; N/A                                     ; 225.53 MHz ( period = 4.434 ns )                    ; myTwoSeg7:inst8|cnt20k[15] ; myTwoSeg7:inst8|cnt20k[26] ; CP2        ; CP2      ; None                        ; None                      ; 4.173 ns                ;
; N/A                                     ; 225.53 MHz ( period = 4.434 ns )                    ; myTwoSeg7:inst8|cnt20k[1]  ; myTwoSeg7:inst8|cnt20k[26] ; CP2        ; CP2      ; None                        ; None                      ; 4.173 ns                ;
; N/A                                     ; 226.14 MHz ( period = 4.422 ns )                    ; myTwoSeg7:inst8|cnt20k[5]  ; myTwoSeg7:inst8|cnt20k[31] ; CP2        ; CP2      ; None                        ; None                      ; 4.161 ns                ;
; N/A                                     ; 226.14 MHz ( period = 4.422 ns )                    ; myTwoSeg7:inst8|cnt20k[16] ; myTwoSeg7:inst8|cnt20k[20] ; CP2        ; CP2      ; None                        ; None                      ; 4.161 ns                ;
; N/A                                     ; 226.40 MHz ( period = 4.417 ns )                    ; myTwoSeg7:inst8|cnt20k[11] ; myTwoSeg7:inst8|cnt20k[16] ; CP2        ; CP2      ; None                        ; None                      ; 4.156 ns                ;
; N/A                                     ; 226.60 MHz ( period = 4.413 ns )                    ; myTwoSeg7:inst8|cnt20k[3]  ; myTwoSeg7:inst8|cnt20k[26] ; CP2        ; CP2      ; None                        ; None                      ; 4.152 ns                ;
; N/A                                     ; 226.76 MHz ( period = 4.410 ns )                    ; myTwoSeg7:inst8|cnt20k[4]  ; myTwoSeg7:inst8|cnt20k[13] ; CP2        ; CP2      ; None                        ; None                      ; 4.149 ns                ;
; N/A                                     ; 226.76 MHz ( period = 4.410 ns )                    ; myTwoSeg7:inst8|cnt20k[4]  ; myTwoSeg7:inst8|cnt20k[25] ; CP2        ; CP2      ; None                        ; None                      ; 4.149 ns                ;
; N/A                                     ; 227.12 MHz ( period = 4.403 ns )                    ; myTwoSeg7:inst8|cnt20k[6]  ; myTwoSeg7:inst8|cnt20k[17] ; CP2        ; CP2      ; None                        ; None                      ; 4.142 ns                ;
; N/A                                     ; 227.12 MHz ( period = 4.403 ns )                    ; myTwoSeg7:inst8|cnt20k[14] ; myTwoSeg7:inst8|cnt20k[17] ; CP2        ; CP2      ; None                        ; None                      ; 4.142 ns                ;
; N/A                                     ; 227.32 MHz ( period = 4.399 ns )                    ; myTwoSeg7:inst8|cnt20k[25] ; myTwoSeg7:inst8|cnt20k[10] ; CP2        ; CP2      ; None                        ; None                      ; 4.138 ns                ;
; N/A                                     ; 227.38 MHz ( period = 4.398 ns )                    ; myTwoSeg7:inst8|cnt20k[25] ; myTwoSeg7:inst8|cnt20k[5]  ; CP2        ; CP2      ; None                        ; None                      ; 4.137 ns                ;
; N/A                                     ; 227.38 MHz ( period = 4.398 ns )                    ; myTwoSeg7:inst8|cnt20k[25] ; myTwoSeg7:inst8|cnt20k[11] ; CP2        ; CP2      ; None                        ; None                      ; 4.137 ns                ;
; N/A                                     ; 227.38 MHz ( period = 4.398 ns )                    ; myTwoSeg7:inst8|cnt20k[5]  ; myTwoSeg7:inst8|cnt20k[18] ; CP2        ; CP2      ; None                        ; None                      ; 4.137 ns                ;
; N/A                                     ; 227.38 MHz ( period = 4.398 ns )                    ; myTwoSeg7:inst8|cnt20k[28] ; myTwoSeg7:inst8|clk1ms     ; CP2        ; CP2      ; None                        ; None                      ; 4.137 ns                ;
; N/A                                     ; 227.43 MHz ( period = 4.397 ns )                    ; myTwoSeg7:inst8|cnt20k[4]  ; myTwoSeg7:inst8|cnt20k[29] ; CP2        ; CP2      ; None                        ; None                      ; 4.136 ns                ;
; N/A                                     ; 227.48 MHz ( period = 4.396 ns )                    ; myTwoSeg7:inst8|cnt20k[25] ; myTwoSeg7:inst8|cnt20k[9]  ; CP2        ; CP2      ; None                        ; None                      ; 4.135 ns                ;
; N/A                                     ; 227.53 MHz ( period = 4.395 ns )                    ; myTwoSeg7:inst8|cnt20k[16] ; myTwoSeg7:inst8|cnt20k[19] ; CP2        ; CP2      ; None                        ; None                      ; 4.134 ns                ;
; N/A                                     ; 227.74 MHz ( period = 4.391 ns )                    ; myTwoSeg7:inst8|cnt20k[0]  ; myTwoSeg7:inst8|cnt20k[16] ; CP2        ; CP2      ; None                        ; None                      ; 4.130 ns                ;
; N/A                                     ; 228.00 MHz ( period = 4.386 ns )                    ; myTwoSeg7:inst8|cnt20k[15] ; myTwoSeg7:inst8|cnt20k[16] ; CP2        ; CP2      ; None                        ; None                      ; 4.125 ns                ;
; N/A                                     ; 228.00 MHz ( period = 4.386 ns )                    ; myTwoSeg7:inst8|cnt20k[1]  ; myTwoSeg7:inst8|cnt20k[16] ; CP2        ; CP2      ; None                        ; None                      ; 4.125 ns                ;
; N/A                                     ; 228.05 MHz ( period = 4.385 ns )                    ; myTwoSeg7:inst8|cnt20k[3]  ; myTwoSeg7:inst8|cnt20k[10] ; CP2        ; CP2      ; None                        ; None                      ; 4.124 ns                ;
; N/A                                     ; 228.05 MHz ( period = 4.385 ns )                    ; myTwoSeg7:inst8|cnt20k[20] ; myTwoSeg7:inst8|cnt20k[14] ; CP2        ; CP2      ; None                        ; None                      ; 4.124 ns                ;
; N/A                                     ; 228.10 MHz ( period = 4.384 ns )                    ; myTwoSeg7:inst8|cnt20k[3]  ; myTwoSeg7:inst8|cnt20k[5]  ; CP2        ; CP2      ; None                        ; None                      ; 4.123 ns                ;
; N/A                                     ; 228.10 MHz ( period = 4.384 ns )                    ; myTwoSeg7:inst8|cnt20k[3]  ; myTwoSeg7:inst8|cnt20k[11] ; CP2        ; CP2      ; None                        ; None                      ; 4.123 ns                ;
; N/A                                     ; 228.21 MHz ( period = 4.382 ns )                    ; myTwoSeg7:inst8|cnt20k[3]  ; myTwoSeg7:inst8|cnt20k[9]  ; CP2        ; CP2      ; None                        ; None                      ; 4.121 ns                ;
; N/A                                     ; 228.41 MHz ( period = 4.378 ns )                    ; myTwoSeg7:inst8|cnt20k[12] ; myTwoSeg7:inst8|cnt20k[26] ; CP2        ; CP2      ; None                        ; None                      ; 4.117 ns                ;
; N/A                                     ; 229.04 MHz ( period = 4.366 ns )                    ; myTwoSeg7:inst8|cnt20k[13] ; myTwoSeg7:inst8|cnt20k[25] ; CP2        ; CP2      ; None                        ; None                      ; 4.105 ns                ;
; N/A                                     ; 229.10 MHz ( period = 4.365 ns )                    ; myTwoSeg7:inst8|cnt20k[3]  ; myTwoSeg7:inst8|cnt20k[16] ; CP2        ; CP2      ; None                        ; None                      ; 4.104 ns                ;
; N/A                                     ; 229.20 MHz ( period = 4.363 ns )                    ; myTwoSeg7:inst8|cnt20k[16] ; myTwoSeg7:inst8|cnt20k[17] ; CP2        ; CP2      ; None                        ; None                      ; 4.102 ns                ;
; N/A                                     ; 229.62 MHz ( period = 4.355 ns )                    ; myTwoSeg7:inst8|cnt20k[23] ; myTwoSeg7:inst8|cnt20k[26] ; CP2        ; CP2      ; None                        ; None                      ; 4.094 ns                ;
; N/A                                     ; 229.67 MHz ( period = 4.354 ns )                    ; myTwoSeg7:inst8|cnt20k[2]  ; myTwoSeg7:inst8|cnt20k[26] ; CP2        ; CP2      ; None                        ; None                      ; 4.093 ns                ;
; N/A                                     ; 229.73 MHz ( period = 4.353 ns )                    ; myTwoSeg7:inst8|cnt20k[13] ; myTwoSeg7:inst8|cnt20k[29] ; CP2        ; CP2      ; None                        ; None                      ; 4.092 ns                ;
; N/A                                     ; 229.94 MHz ( period = 4.349 ns )                    ; myTwoSeg7:inst8|cnt20k[8]  ; myTwoSeg7:inst8|cnt20k[19] ; CP2        ; CP2      ; None                        ; None                      ; 4.088 ns                ;
; N/A                                     ; 230.73 MHz ( period = 4.334 ns )                    ; myTwoSeg7:inst8|cnt20k[15] ; myTwoSeg7:inst8|cnt20k[14] ; CP2        ; CP2      ; None                        ; None                      ; 4.073 ns                ;
; N/A                                     ; 230.95 MHz ( period = 4.330 ns )                    ; myTwoSeg7:inst8|cnt20k[9]  ; myTwoSeg7:inst8|cnt20k[26] ; CP2        ; CP2      ; None                        ; None                      ; 4.069 ns                ;
; Timing analysis restricted to 200 rows. ; To change the limit use Settings (Assignments menu) ;                            ;                            ;            ;          ;                             ;                           ;                         ;
+-----------------------------------------+-----------------------------------------------------+----------------------------+----------------------------+------------+----------+-----------------------------+---------------------------+-------------------------+


+-----------------------------------------------------------------------------------------+
; tco                                                                                     ;
+-------+--------------+------------+-------------------------+--------------+------------+
; Slack ; Required tco ; Actual tco ; From                    ; To           ; From Clock ;
+-------+--------------+------------+-------------------------+--------------+------------+
; N/A   ; None         ; 32.927 ns  ; My74161:inst1|Q[1]      ; seg_out[4]   ; CP1        ;
; N/A   ; None         ; 32.287 ns  ; My74161:inst1|Q[1]      ; seg_out[2]   ; CP1        ;
; N/A   ; None         ; 32.183 ns  ; My74161:inst1|Q[1]      ; seg_out[0]   ; CP1        ;
; N/A   ; None         ; 32.078 ns  ; My74161:inst1|Q[1]      ; seg_out[1]   ; CP1        ;
; N/A   ; None         ; 31.957 ns  ; My74161:inst1|Q[1]      ; seg_out[3]   ; CP1        ;
; N/A   ; None         ; 31.680 ns  ; My74161:inst1|Q[1]      ; seg_out[6]   ; CP1        ;
; N/A   ; None         ; 31.278 ns  ; My74161:inst1|Q[1]      ; seg_out[5]   ; CP1        ;
; N/A   ; None         ; 30.922 ns  ; My74161:inst1|Q[3]      ; seg_out[4]   ; CP1        ;
; N/A   ; None         ; 30.469 ns  ; My74161:inst1|Q[2]      ; seg_out[4]   ; CP1        ;
; N/A   ; None         ; 30.282 ns  ; My74161:inst1|Q[3]      ; seg_out[2]   ; CP1        ;
; N/A   ; None         ; 30.235 ns  ; My74161:inst1|Q[0]      ; seg_out[0]   ; CP1        ;
; N/A   ; None         ; 30.178 ns  ; My74161:inst1|Q[3]      ; seg_out[0]   ; CP1        ;
; N/A   ; None         ; 30.125 ns  ; My74161:inst1|Q[0]      ; seg_out[1]   ; CP1        ;
; N/A   ; None         ; 30.073 ns  ; My74161:inst1|Q[3]      ; seg_out[1]   ; CP1        ;
; N/A   ; None         ; 29.952 ns  ; My74161:inst1|Q[3]      ; seg_out[3]   ; CP1        ;
; N/A   ; None         ; 29.939 ns  ; My74161:inst1|Q[2]      ; seg_out[0]   ; CP1        ;
; N/A   ; None         ; 29.879 ns  ; My74161:inst1|Q[0]      ; seg_out[2]   ; CP1        ;
; N/A   ; None         ; 29.829 ns  ; My74161:inst1|Q[2]      ; seg_out[1]   ; CP1        ;
; N/A   ; None         ; 29.829 ns  ; My74161:inst1|Q[2]      ; seg_out[2]   ; CP1        ;
; N/A   ; None         ; 29.675 ns  ; My74161:inst1|Q[3]      ; seg_out[6]   ; CP1        ;
; N/A   ; None         ; 29.528 ns  ; My74161:inst1|Q[0]      ; seg_out[3]   ; CP1        ;
; N/A   ; None         ; 29.518 ns  ; My74161:inst1|Q[0]      ; seg_out[4]   ; CP1        ;
; N/A   ; None         ; 29.499 ns  ; My74161:inst1|Q[2]      ; seg_out[3]   ; CP1        ;
; N/A   ; None         ; 29.486 ns  ; My74161:inst1|Q[0]      ; seg_out[5]   ; CP1        ;
; N/A   ; None         ; 29.273 ns  ; My74161:inst1|Q[3]      ; seg_out[5]   ; CP1        ;
; N/A   ; None         ; 29.222 ns  ; My74161:inst1|Q[2]      ; seg_out[6]   ; CP1        ;
; N/A   ; None         ; 29.190 ns  ; My74161:inst1|Q[2]      ; seg_out[5]   ; CP1        ;
; N/A   ; None         ; 28.730 ns  ; My74161:inst1|Q[0]      ; seg_out[6]   ; CP1        ;
; N/A   ; None         ; 26.660 ns  ; My74161:inst|Q[3]       ; seg_out[4]   ; CP1        ;
; N/A   ; None         ; 26.020 ns  ; My74161:inst|Q[3]       ; seg_out[2]   ; CP1        ;
; N/A   ; None         ; 25.916 ns  ; My74161:inst|Q[3]       ; seg_out[0]   ; CP1        ;
; N/A   ; None         ; 25.811 ns  ; My74161:inst|Q[3]       ; seg_out[1]   ; CP1        ;
; N/A   ; None         ; 25.690 ns  ; My74161:inst|Q[3]       ; seg_out[3]   ; CP1        ;
; N/A   ; None         ; 25.413 ns  ; My74161:inst|Q[3]       ; seg_out[6]   ; CP1        ;
; N/A   ; None         ; 25.011 ns  ; My74161:inst|Q[3]       ; seg_out[5]   ; CP1        ;
; N/A   ; None         ; 23.165 ns  ; My74161:inst|Q[2]       ; seg_out[4]   ; CP1        ;
; N/A   ; None         ; 22.525 ns  ; My74161:inst|Q[2]       ; seg_out[2]   ; CP1        ;
; N/A   ; None         ; 22.421 ns  ; My74161:inst|Q[2]       ; seg_out[0]   ; CP1        ;
; N/A   ; None         ; 22.316 ns  ; My74161:inst|Q[2]       ; seg_out[1]   ; CP1        ;
; N/A   ; None         ; 22.195 ns  ; My74161:inst|Q[2]       ; seg_out[3]   ; CP1        ;
; N/A   ; None         ; 21.918 ns  ; My74161:inst|Q[2]       ; seg_out[6]   ; CP1        ;
; N/A   ; None         ; 21.516 ns  ; My74161:inst|Q[2]       ; seg_out[5]   ; CP1        ;
; N/A   ; None         ; 18.184 ns  ; My74161:inst|Q[1]       ; seg_out[0]   ; CP1        ;
; N/A   ; None         ; 18.071 ns  ; My74161:inst|Q[1]       ; seg_out[1]   ; CP1        ;
; N/A   ; None         ; 17.837 ns  ; My74161:inst|Q[1]       ; seg_out[2]   ; CP1        ;
; N/A   ; None         ; 17.501 ns  ; myTwoSeg7:inst8|cnt8[0] ; seg_out[4]   ; CP2        ;
; N/A   ; None         ; 17.470 ns  ; My74161:inst|Q[1]       ; seg_out[3]   ; CP1        ;
; N/A   ; None         ; 17.428 ns  ; My74161:inst|Q[1]       ; seg_out[5]   ; CP1        ;
; N/A   ; None         ; 17.278 ns  ; myTwoSeg7:inst8|cnt8[1] ; seg_out[4]   ; CP2        ;
; N/A   ; None         ; 16.831 ns  ; myTwoSeg7:inst8|cnt8[2] ; seg_out[4]   ; CP2        ;
; N/A   ; None         ; 16.829 ns  ; myTwoSeg7:inst8|cnt8[0] ; seg_out[2]   ; CP2        ;
; N/A   ; None         ; 16.750 ns  ; myTwoSeg7:inst8|cnt8[0] ; seg_out[0]   ; CP2        ;
; N/A   ; None         ; 16.695 ns  ; My74161:inst|Q[1]       ; seg_out[6]   ; CP1        ;
; N/A   ; None         ; 16.628 ns  ; myTwoSeg7:inst8|cnt8[0] ; seg_out[1]   ; CP2        ;
; N/A   ; None         ; 16.606 ns  ; myTwoSeg7:inst8|cnt8[1] ; seg_out[2]   ; CP2        ;
; N/A   ; None         ; 16.527 ns  ; myTwoSeg7:inst8|cnt8[1] ; seg_out[0]   ; CP2        ;
; N/A   ; None         ; 16.502 ns  ; My74161:inst|Q[1]       ; seg_out[4]   ; CP1        ;
; N/A   ; None         ; 16.470 ns  ; myTwoSeg7:inst8|cnt8[0] ; seg_out[3]   ; CP2        ;
; N/A   ; None         ; 16.405 ns  ; myTwoSeg7:inst8|cnt8[1] ; seg_out[1]   ; CP2        ;
; N/A   ; None         ; 16.247 ns  ; myTwoSeg7:inst8|cnt8[1] ; seg_out[3]   ; CP2        ;
; N/A   ; None         ; 16.159 ns  ; myTwoSeg7:inst8|cnt8[2] ; seg_out[2]   ; CP2        ;
; N/A   ; None         ; 16.136 ns  ; myTwoSeg7:inst8|cnt8[0] ; seg_out[5]   ; CP2        ;
; N/A   ; None         ; 16.080 ns  ; myTwoSeg7:inst8|cnt8[2] ; seg_out[0]   ; CP2        ;
; N/A   ; None         ; 15.958 ns  ; myTwoSeg7:inst8|cnt8[2] ; seg_out[1]   ; CP2        ;
; N/A   ; None         ; 15.913 ns  ; myTwoSeg7:inst8|cnt8[1] ; seg_out[5]   ; CP2        ;
; N/A   ; None         ; 15.800 ns  ; myTwoSeg7:inst8|cnt8[2] ; seg_out[3]   ; CP2        ;
; N/A   ; None         ; 15.466 ns  ; myTwoSeg7:inst8|cnt8[2] ; seg_out[5]   ; CP2        ;
; N/A   ; None         ; 14.997 ns  ; myTwoSeg7:inst8|cnt8[1] ; dig_sel_n[7] ; CP2        ;
; N/A   ; None         ; 14.875 ns  ; myTwoSeg7:inst8|cnt8[1] ; seg_out[6]   ; CP2        ;
; N/A   ; None         ; 14.827 ns  ; myTwoSeg7:inst8|cnt8[2] ; dig_sel_n[3] ; CP2        ;
; N/A   ; None         ; 14.826 ns  ; myTwoSeg7:inst8|cnt8[2] ; dig_sel_n[4] ; CP2        ;
; N/A   ; None         ; 14.790 ns  ; myTwoSeg7:inst8|cnt8[0] ; dig_sel_n[7] ; CP2        ;
; N/A   ; None         ; 14.663 ns  ; myTwoSeg7:inst8|cnt8[2] ; dig_sel_n[7] ; CP2        ;
; N/A   ; None         ; 14.553 ns  ; myTwoSeg7:inst8|cnt8[1] ; dig_sel_n[3] ; CP2        ;
; N/A   ; None         ; 14.552 ns  ; myTwoSeg7:inst8|cnt8[1] ; dig_sel_n[4] ; CP2        ;
; N/A   ; None         ; 14.504 ns  ; myTwoSeg7:inst8|cnt8[0] ; dig_sel_n[1] ; CP2        ;
; N/A   ; None         ; 14.361 ns  ; myTwoSeg7:inst8|cnt8[0] ; seg_out[6]   ; CP2        ;
; N/A   ; None         ; 14.357 ns  ; myTwoSeg7:inst8|cnt8[1] ; dig_sel_n[5] ; CP2        ;
; N/A   ; None         ; 14.352 ns  ; myTwoSeg7:inst8|cnt8[0] ; dig_sel_n[3] ; CP2        ;
; N/A   ; None         ; 14.351 ns  ; myTwoSeg7:inst8|cnt8[0] ; dig_sel_n[4] ; CP2        ;
; N/A   ; None         ; 14.281 ns  ; myTwoSeg7:inst8|cnt8[1] ; dig_sel_n[1] ; CP2        ;
; N/A   ; None         ; 14.244 ns  ; myTwoSeg7:inst8|cnt8[1] ; dig_sel_n[6] ; CP2        ;
; N/A   ; None         ; 14.161 ns  ; myTwoSeg7:inst8|cnt8[0] ; dig_sel_n[2] ; CP2        ;
; N/A   ; None         ; 14.134 ns  ; myTwoSeg7:inst8|cnt8[0] ; dig_sel_n[5] ; CP2        ;
; N/A   ; None         ; 14.027 ns  ; myTwoSeg7:inst8|cnt8[2] ; seg_out[6]   ; CP2        ;
; N/A   ; None         ; 14.016 ns  ; myTwoSeg7:inst8|cnt8[0] ; dig_sel_n[6] ; CP2        ;
; N/A   ; None         ; 14.008 ns  ; myTwoSeg7:inst8|cnt8[2] ; dig_sel_n[5] ; CP2        ;
; N/A   ; None         ; 13.938 ns  ; myTwoSeg7:inst8|cnt8[1] ; dig_sel_n[2] ; CP2        ;
; N/A   ; None         ; 13.890 ns  ; myTwoSeg7:inst8|cnt8[2] ; dig_sel_n[6] ; CP2        ;
; N/A   ; None         ; 13.884 ns  ; myTwoSeg7:inst8|cnt8[0] ; dig_sel_n[0] ; CP2        ;
; N/A   ; None         ; 13.834 ns  ; myTwoSeg7:inst8|cnt8[2] ; dig_sel_n[1] ; CP2        ;
; N/A   ; None         ; 13.656 ns  ; myTwoSeg7:inst8|cnt8[1] ; dig_sel_n[0] ; CP2        ;
; N/A   ; None         ; 13.491 ns  ; myTwoSeg7:inst8|cnt8[2] ; dig_sel_n[2] ; CP2        ;
; N/A   ; None         ; 13.217 ns  ; myTwoSeg7:inst8|cnt8[2] ; dig_sel_n[0] ; CP2        ;
; N/A   ; None         ; 12.019 ns  ; My74161:inst|Q[0]       ; seg_out[0]   ; CP1        ;
; N/A   ; None         ; 11.907 ns  ; My74161:inst|Q[0]       ; seg_out[1]   ; CP1        ;
; N/A   ; None         ; 11.673 ns  ; My74161:inst|Q[0]       ; seg_out[2]   ; CP1        ;
; N/A   ; None         ; 11.301 ns  ; My74161:inst|Q[0]       ; seg_out[3]   ; CP1        ;
; N/A   ; None         ; 11.249 ns  ; My74161:inst|Q[0]       ; seg_out[5]   ; CP1        ;
; N/A   ; None         ; 10.336 ns  ; My74161:inst|Q[0]       ; seg_out[4]   ; CP1        ;
; N/A   ; None         ; 10.213 ns  ; My74161:inst|Q[0]       ; seg_out[6]   ; CP1        ;
; N/A   ; None         ; 8.808 ns   ; My74161:inst|Q[0]       ; Q0           ; CP1        ;
; N/A   ; None         ; 8.034 ns   ; My74161:inst|Q[1]       ; co1          ; CP1        ;
; N/A   ; None         ; 7.994 ns   ; My74161:inst|Q[2]       ; co1          ; CP1        ;
; N/A   ; None         ; 7.861 ns   ; My74161:inst|Q[3]       ; co1          ; CP1        ;
; N/A   ; None         ; 7.719 ns   ; My74161:inst1|Q[3]      ; Q7           ; CP1        ;
; N/A   ; None         ; 7.594 ns   ; My74161:inst|Q[1]       ; Q1           ; CP1        ;
; N/A   ; None         ; 7.559 ns   ; My74161:inst|Q[0]       ; co1          ; CP1        ;
; N/A   ; None         ; 7.416 ns   ; My74161:inst1|Q[0]      ; Q4           ; CP1        ;
; N/A   ; None         ; 7.414 ns   ; My74161:inst|Q[3]       ; Q3           ; CP1        ;
; N/A   ; None         ; 7.224 ns   ; My74161:inst1|Q[2]      ; Q6           ; CP1        ;
; N/A   ; None         ; 6.907 ns   ; My74161:inst|Q[2]       ; Q2           ; CP1        ;
; N/A   ; None         ; 6.893 ns   ; My74161:inst1|Q[1]      ; Q5           ; CP1        ;
+-------+--------------+------------+-------------------------+--------------+------------+


+--------------------------+
; Timing Analyzer Messages ;
+--------------------------+
Info: *******************************************************************
Info: Running Quartus II Classic Timing Analyzer
    Info: Version 9.0 Build 132 02/25/2009 SJ Full Version
    Info: Processing started: Wed Dec 14 20:45:47 2022
Info: Command: quartus_tan --read_settings_files=off --write_settings_files=off exp3_4 -c exp3_4 --timing_analysis_only
Info: Parallel compilation is enabled and will use 4 of the 8 processors detected
Warning: Found pins functioning as undefined clocks and/or memory enables
    Info: Assuming node "CP1" is an undefined clock
    Info: Assuming node "CP2" is an undefined clock
Warning: Found 1 node(s) in clock paths which may be acting as ripple and/or gated clocks -- node(s) analyzed as buffer(s) resulting in clock skew
    Info: Detected ripple clock "myTwoSeg7:inst8|clk1ms" as buffer
Info: Clock "CP1" Internal fmax is restricted to 275.03 MHz between source register "My74161:inst|Q[1]" and destination register "My74161:inst1|Q[1]"
    Info: fmax restricted to Clock High delay (1.818 ns) plus Clock Low delay (1.818 ns) : restricted to 3.636 ns. Expand message to see actual delay path.
        Info: + Longest register to register delay is 3.218 ns
            Info: 1: + IC(0.000 ns) + CELL(0.000 ns) = 0.000 ns; Loc. = LC_X10_Y8_N6; Fanout = 12; REG Node = 'My74161:inst|Q[1]'
            Info: 2: + IC(0.772 ns) + CELL(0.590 ns) = 1.362 ns; Loc. = LC_X11_Y8_N8; Fanout = 7; COMB Node = 'inst2'
            Info: 3: + IC(0.744 ns) + CELL(1.112 ns) = 3.218 ns; Loc. = LC_X10_Y8_N2; Fanout = 18; REG Node = 'My74161:inst1|Q[1]'
            Info: Total cell delay = 1.702 ns ( 52.89 % )
            Info: Total interconnect delay = 1.516 ns ( 47.11 % )
        Info: - Smallest clock skew is 0.000 ns
            Info: + Shortest clock path from clock "CP1" to destination register is 2.740 ns
                Info: 1: + IC(0.000 ns) + CELL(1.469 ns) = 1.469 ns; Loc. = PIN_16; Fanout = 8; CLK Node = 'CP1'
                Info: 2: + IC(0.560 ns) + CELL(0.711 ns) = 2.740 ns; Loc. = LC_X10_Y8_N2; Fanout = 18; REG Node = 'My74161:inst1|Q[1]'
                Info: Total cell delay = 2.180 ns ( 79.56 % )
                Info: Total interconnect delay = 0.560 ns ( 20.44 % )
            Info: - Longest clock path from clock "CP1" to source register is 2.740 ns
                Info: 1: + IC(0.000 ns) + CELL(1.469 ns) = 1.469 ns; Loc. = PIN_16; Fanout = 8; CLK Node = 'CP1'
                Info: 2: + IC(0.560 ns) + CELL(0.711 ns) = 2.740 ns; Loc. = LC_X10_Y8_N6; Fanout = 12; REG Node = 'My74161:inst|Q[1]'
                Info: Total cell delay = 2.180 ns ( 79.56 % )
                Info: Total interconnect delay = 0.560 ns ( 20.44 % )
        Info: + Micro clock to output delay of source is 0.224 ns
        Info: + Micro setup delay of destination is 0.037 ns
Info: Clock "CP2" has Internal fmax of 167.56 MHz between source register "myTwoSeg7:inst8|cnt20k[5]" and destination register "myTwoSeg7:inst8|cnt20k[10]" (period= 5.968 ns)
    Info: + Longest register to register delay is 5.707 ns
        Info: 1: + IC(0.000 ns) + CELL(0.000 ns) = 0.000 ns; Loc. = LC_X19_Y11_N5; Fanout = 3; REG Node = 'myTwoSeg7:inst8|cnt20k[5]'
        Info: 2: + IC(0.520 ns) + CELL(0.442 ns) = 0.962 ns; Loc. = LC_X19_Y11_N4; Fanout = 2; COMB Node = 'myTwoSeg7:inst8|Equal0~0'
        Info: 3: + IC(1.241 ns) + CELL(0.590 ns) = 2.793 ns; Loc. = LC_X18_Y9_N9; Fanout = 1; COMB Node = 'myTwoSeg7:inst8|Equal0~8'
        Info: 4: + IC(1.211 ns) + CELL(0.114 ns) = 4.118 ns; Loc. = LC_X19_Y10_N2; Fanout = 5; COMB Node = 'myTwoSeg7:inst8|Equal0~11'
        Info: 5: + IC(1.280 ns) + CELL(0.309 ns) = 5.707 ns; Loc. = LC_X19_Y11_N0; Fanout = 3; REG Node = 'myTwoSeg7:inst8|cnt20k[10]'
        Info: Total cell delay = 1.455 ns ( 25.50 % )
        Info: Total interconnect delay = 4.252 ns ( 74.50 % )
    Info: - Smallest clock skew is 0.000 ns
        Info: + Shortest clock path from clock "CP2" to destination register is 2.782 ns
            Info: 1: + IC(0.000 ns) + CELL(1.469 ns) = 1.469 ns; Loc. = PIN_17; Fanout = 33; CLK Node = 'CP2'
            Info: 2: + IC(0.602 ns) + CELL(0.711 ns) = 2.782 ns; Loc. = LC_X19_Y11_N0; Fanout = 3; REG Node = 'myTwoSeg7:inst8|cnt20k[10]'
            Info: Total cell delay = 2.180 ns ( 78.36 % )
            Info: Total interconnect delay = 0.602 ns ( 21.64 % )
        Info: - Longest clock path from clock "CP2" to source register is 2.782 ns
            Info: 1: + IC(0.000 ns) + CELL(1.469 ns) = 1.469 ns; Loc. = PIN_17; Fanout = 33; CLK Node = 'CP2'
            Info: 2: + IC(0.602 ns) + CELL(0.711 ns) = 2.782 ns; Loc. = LC_X19_Y11_N5; Fanout = 3; REG Node = 'myTwoSeg7:inst8|cnt20k[5]'
            Info: Total cell delay = 2.180 ns ( 78.36 % )
            Info: Total interconnect delay = 0.602 ns ( 21.64 % )
    Info: + Micro clock to output delay of source is 0.224 ns
    Info: + Micro setup delay of destination is 0.037 ns
Info: tco from clock "CP1" to destination pin "seg_out[4]" through register "My74161:inst1|Q[1]" is 32.927 ns
    Info: + Longest clock path from clock "CP1" to source register is 2.740 ns
        Info: 1: + IC(0.000 ns) + CELL(1.469 ns) = 1.469 ns; Loc. = PIN_16; Fanout = 8; CLK Node = 'CP1'
        Info: 2: + IC(0.560 ns) + CELL(0.711 ns) = 2.740 ns; Loc. = LC_X10_Y8_N2; Fanout = 18; REG Node = 'My74161:inst1|Q[1]'
        Info: Total cell delay = 2.180 ns ( 79.56 % )
        Info: Total interconnect delay = 0.560 ns ( 20.44 % )
    Info: + Micro clock to output delay of source is 0.224 ns
    Info: + Longest register to pin delay is 29.963 ns
        Info: 1: + IC(0.000 ns) + CELL(0.000 ns) = 0.000 ns; Loc. = LC_X10_Y8_N2; Fanout = 18; REG Node = 'My74161:inst1|Q[1]'
        Info: 2: + IC(1.302 ns) + CELL(0.575 ns) = 1.877 ns; Loc. = LC_X9_Y10_N7; Fanout = 1; COMB Node = 'myTwoSeg7:inst8|lpm_divide:Div0|lpm_divide_f5m:auto_generated|sign_div_unsign_bkh:divider|alt_u_div_6oe:divider|add_sub_6dc:add_sub_3|add_sub_cella[1]~COUTCOUT1_40'
        Info: 3: + IC(0.000 ns) + CELL(0.608 ns) = 2.485 ns; Loc. = LC_X9_Y10_N8; Fanout = 2; COMB Node = 'myTwoSeg7:inst8|lpm_divide:Div0|lpm_divide_f5m:auto_generated|sign_div_unsign_bkh:divider|alt_u_div_6oe:divider|add_sub_6dc:add_sub_3|add_sub_cella[2]~27'
        Info: 4: + IC(1.094 ns) + CELL(0.575 ns) = 4.154 ns; Loc. = LC_X11_Y10_N6; Fanout = 2; COMB Node = 'myTwoSeg7:inst8|lpm_divide:Div0|lpm_divide_f5m:auto_generated|sign_div_unsign_bkh:divider|alt_u_div_6oe:divider|add_sub_6dc:add_sub_3|add_sub_cella[2]~24COUT1_34'
        Info: 5: + IC(0.000 ns) + CELL(0.080 ns) = 4.234 ns; Loc. = LC_X11_Y10_N7; Fanout = 2; COMB Node = 'myTwoSeg7:inst8|lpm_divide:Div0|lpm_divide_f5m:auto_generated|sign_div_unsign_bkh:divider|alt_u_div_6oe:divider|add_sub_6dc:add_sub_3|add_sub_cella[2]~22COUT1_36'
        Info: 6: + IC(0.000 ns) + CELL(0.080 ns) = 4.314 ns; Loc. = LC_X11_Y10_N8; Fanout = 1; COMB Node = 'myTwoSeg7:inst8|lpm_divide:Div0|lpm_divide_f5m:auto_generated|sign_div_unsign_bkh:divider|alt_u_div_6oe:divider|add_sub_6dc:add_sub_3|add_sub_cella[2]~20COUT1_38'
        Info: 7: + IC(0.000 ns) + CELL(0.608 ns) = 4.922 ns; Loc. = LC_X11_Y10_N9; Fanout = 12; COMB Node = 'myTwoSeg7:inst8|lpm_divide:Div0|lpm_divide_f5m:auto_generated|sign_div_unsign_bkh:divider|alt_u_div_6oe:divider|add_sub_6dc:add_sub_3|add_sub_cella[2]~17'
        Info: 8: + IC(1.212 ns) + CELL(0.114 ns) = 6.248 ns; Loc. = LC_X12_Y10_N2; Fanout = 3; COMB Node = 'myTwoSeg7:inst8|lpm_divide:Div0|lpm_divide_f5m:auto_generated|sign_div_unsign_bkh:divider|alt_u_div_6oe:divider|StageOut[16]~48'
        Info: 9: + IC(0.440 ns) + CELL(0.575 ns) = 7.263 ns; Loc. = LC_X12_Y10_N6; Fanout = 2; COMB Node = 'myTwoSeg7:inst8|lpm_divide:Div0|lpm_divide_f5m:auto_generated|sign_div_unsign_bkh:divider|alt_u_div_6oe:divider|add_sub_7dc:add_sub_4|add_sub_cella[2]~27COUT1_44'
        Info: 10: + IC(0.000 ns) + CELL(0.080 ns) = 7.343 ns; Loc. = LC_X12_Y10_N7; Fanout = 1; COMB Node = 'myTwoSeg7:inst8|lpm_divide:Div0|lpm_divide_f5m:auto_generated|sign_div_unsign_bkh:divider|alt_u_div_6oe:divider|add_sub_7dc:add_sub_4|add_sub_cella[2]~29COUT1_46'
        Info: 11: + IC(0.000 ns) + CELL(0.080 ns) = 7.423 ns; Loc. = LC_X12_Y10_N8; Fanout = 1; COMB Node = 'myTwoSeg7:inst8|lpm_divide:Div0|lpm_divide_f5m:auto_generated|sign_div_unsign_bkh:divider|alt_u_div_6oe:divider|add_sub_7dc:add_sub_4|add_sub_cella[2]~25COUT1_48'
        Info: 12: + IC(0.000 ns) + CELL(0.608 ns) = 8.031 ns; Loc. = LC_X12_Y10_N9; Fanout = 12; COMB Node = 'myTwoSeg7:inst8|lpm_divide:Div0|lpm_divide_f5m:auto_generated|sign_div_unsign_bkh:divider|alt_u_div_6oe:divider|add_sub_7dc:add_sub_4|add_sub_cella[2]~22'
        Info: 13: + IC(0.737 ns) + CELL(0.114 ns) = 8.882 ns; Loc. = LC_X11_Y10_N5; Fanout = 2; COMB Node = 'myTwoSeg7:inst8|lpm_divide:Div0|lpm_divide_f5m:auto_generated|sign_div_unsign_bkh:divider|alt_u_div_6oe:divider|StageOut[23]~84'
        Info: 14: + IC(1.976 ns) + CELL(0.575 ns) = 11.433 ns; Loc. = LC_X17_Y9_N3; Fanout = 1; COMB Node = 'myTwoSeg7:inst8|lpm_divide:Div0|lpm_divide_f5m:auto_generated|sign_div_unsign_bkh:divider|alt_u_div_6oe:divider|add_sub_7dc:add_sub_5|add_sub_cella[2]~25COUT1_48'
        Info: 15: + IC(0.000 ns) + CELL(0.608 ns) = 12.041 ns; Loc. = LC_X17_Y9_N4; Fanout = 14; COMB Node = 'myTwoSeg7:inst8|lpm_divide:Div0|lpm_divide_f5m:auto_generated|sign_div_unsign_bkh:divider|alt_u_div_6oe:divider|add_sub_7dc:add_sub_5|add_sub_cella[2]~22'
        Info: 16: + IC(1.326 ns) + CELL(0.442 ns) = 13.809 ns; Loc. = LC_X17_Y8_N1; Fanout = 3; COMB Node = 'myTwoSeg7:inst8|lpm_divide:Div0|lpm_divide_f5m:auto_generated|sign_div_unsign_bkh:divider|alt_u_div_6oe:divider|StageOut[27]~27'
        Info: 17: + IC(0.430 ns) + CELL(0.575 ns) = 14.814 ns; Loc. = LC_X17_Y8_N7; Fanout = 1; COMB Node = 'myTwoSeg7:inst8|lpm_divide:Div0|lpm_divide_f5m:auto_generated|sign_div_unsign_bkh:divider|alt_u_div_6oe:divider|add_sub_7dc:add_sub_6|add_sub_cella[2]~27COUT1_46'
        Info: 18: + IC(0.000 ns) + CELL(0.080 ns) = 14.894 ns; Loc. = LC_X17_Y8_N8; Fanout = 1; COMB Node = 'myTwoSeg7:inst8|lpm_divide:Div0|lpm_divide_f5m:auto_generated|sign_div_unsign_bkh:divider|alt_u_div_6oe:divider|add_sub_7dc:add_sub_6|add_sub_cella[2]~25COUT1_48'
        Info: 19: + IC(0.000 ns) + CELL(0.608 ns) = 15.502 ns; Loc. = LC_X17_Y8_N9; Fanout = 12; COMB Node = 'myTwoSeg7:inst8|lpm_divide:Div0|lpm_divide_f5m:auto_generated|sign_div_unsign_bkh:divider|alt_u_div_6oe:divider|add_sub_7dc:add_sub_6|add_sub_cella[2]~22'
        Info: 20: + IC(1.607 ns) + CELL(0.432 ns) = 17.541 ns; Loc. = LC_X16_Y7_N2; Fanout = 1; COMB Node = 'myTwoSeg7:inst8|lpm_divide:Mod1|lpm_divide_itl:auto_generated|sign_div_unsign_bkh:divider|alt_u_div_6oe:divider|add_sub_7dc:add_sub_7|add_sub_cella[1]~COUTCOUT1_50'
        Info: 21: + IC(0.000 ns) + CELL(0.608 ns) = 18.149 ns; Loc. = LC_X16_Y7_N3; Fanout = 2; COMB Node = 'myTwoSeg7:inst8|lpm_divide:Mod1|lpm_divide_itl:auto_generated|sign_div_unsign_bkh:divider|alt_u_div_6oe:divider|add_sub_7dc:add_sub_7|add_sub_cella[2]~34'
        Info: 22: + IC(1.189 ns) + CELL(0.432 ns) = 19.770 ns; Loc. = LC_X15_Y8_N5; Fanout = 2; COMB Node = 'myTwoSeg7:inst8|lpm_divide:Mod1|lpm_divide_itl:auto_generated|sign_div_unsign_bkh:divider|alt_u_div_6oe:divider|add_sub_7dc:add_sub_7|add_sub_cella[2]~31COUT1_42'
        Info: 23: + IC(0.000 ns) + CELL(0.608 ns) = 20.378 ns; Loc. = LC_X15_Y8_N6; Fanout = 1; COMB Node = 'myTwoSeg7:inst8|lpm_divide:Mod1|lpm_divide_itl:auto_generated|sign_div_unsign_bkh:divider|alt_u_div_6oe:divider|add_sub_7dc:add_sub_7|add_sub_cella[2]~24'
        Info: 24: + IC(0.443 ns) + CELL(0.590 ns) = 21.411 ns; Loc. = LC_X15_Y8_N3; Fanout = 7; COMB Node = 'myTwoSeg7:inst8|lpm_divide:Mod1|lpm_divide_itl:auto_generated|sign_div_unsign_bkh:divider|alt_u_div_6oe:divider|StageOut[37]~81'
        Info: 25: + IC(1.344 ns) + CELL(0.590 ns) = 23.345 ns; Loc. = LC_X15_Y11_N9; Fanout = 1; COMB Node = 'myTwoSeg7:inst8|WideOr9~0'
        Info: 26: + IC(0.718 ns) + CELL(0.442 ns) = 24.505 ns; Loc. = LC_X16_Y11_N7; Fanout = 1; COMB Node = 'myTwoSeg7:inst8|Mux2~0'
        Info: 27: + IC(1.192 ns) + CELL(0.114 ns) = 25.811 ns; Loc. = LC_X16_Y10_N2; Fanout = 1; COMB Node = 'myTwoSeg7:inst8|Mux2~1'
        Info: 28: + IC(2.028 ns) + CELL(2.124 ns) = 29.963 ns; Loc. = PIN_100; Fanout = 0; PIN Node = 'seg_out[4]'
        Info: Total cell delay = 12.925 ns ( 43.14 % )
        Info: Total interconnect delay = 17.038 ns ( 56.86 % )
Info: Quartus II Classic Timing Analyzer was successful. 0 errors, 2 warnings
    Info: Peak virtual memory: 203 megabytes
    Info: Processing ended: Wed Dec 14 20:45:47 2022
    Info: Elapsed time: 00:00:00
    Info: Total CPU time (on all processors): 00:00:00


