--------------------------------------------------------------------------------------
Timing Analyzer Summary
--------------------------------------------------------------------------------------

Type           : Worst-case tco
Slack          : N/A
Required Time  : None
Actual Time    : 32.927 ns
From           : My74161:inst1|Q[1]
To             : seg_out[4]
From Clock     : CP1
To Clock       : --
Failed Paths   : 0

Type           : Clock Setup: 'CP2'
Slack          : N/A
Required Time  : None
Actual Time    : 167.56 MHz ( period = 5.968 ns )
From           : myTwoSeg7:inst8|cnt20k[5]
To             : myTwoSeg7:inst8|cnt20k[10]
From Clock     : CP2
To Clock       : CP2
Failed Paths   : 0

Type           : Clock Setup: 'CP1'
Slack          : N/A
Required Time  : None
Actual Time    : Restricted to 275.03 MHz ( period = 3.636 ns )
From           : My74161:inst|Q[1]
To             : My74161:inst1|Q[2]
From Clock     : CP1
To Clock       : CP1
Failed Paths   : 0

Type           : Total number of failed paths
Slack          : 
Required Time  : 
Actual Time    : 
From           : 
To             : 
From Clock     : 
To Clock       : 
Failed Paths   : 0

--------------------------------------------------------------------------------------

