Analysis & Synthesis report for tony
Mon Dec 12 12:14:35 2022
Quartus II Version 9.0 Build 132 02/25/2009 SJ Full Version


---------------------
; Table of Contents ;
---------------------
  1. Legal Notice
  2. Analysis & Synthesis Summary
  3. Analysis & Synthesis Settings
  4. Analysis & Synthesis Source Files Read
  5. Analysis & Synthesis Resource Usage Summary
  6. Analysis & Synthesis Resource Utilization by Entity
  7. General Register Statistics
  8. Multiplexer Restructuring Statistics (Restructuring Performed)
  9. Parameter Settings for User Entity Instance: Top-level Entity: |tony
 10. Parameter Settings for Inferred Entity Instance: lpm_divide:Mod0
 11. Parameter Settings for Inferred Entity Instance: lpm_divide:Div0
 12. Analysis & Synthesis Messages



----------------
; Legal Notice ;
----------------
Copyright (C) 1991-2009 Altera Corporation
Your use of Altera Corporation's design tools, logic functions 
and other software and tools, and its AMPP partner logic 
functions, and any output files from any of the foregoing 
(including device programming or simulation files), and any 
associated documentation or information are expressly subject 
to the terms and conditions of the Altera Program License 
Subscription Agreement, Altera MegaCore Function License 
Agreement, or other applicable license agreement, including, 
without limitation, that your use is for the sole purpose of 
programming logic devices manufactured by Altera and sold by 
Altera or its authorized distributors.  Please refer to the 
applicable agreement for further details.



+------------------------------------------------------------------------+
; Analysis & Synthesis Summary                                           ;
+-----------------------------+------------------------------------------+
; Analysis & Synthesis Status ; Successful - Mon Dec 12 12:14:35 2022    ;
; Quartus II Version          ; 9.0 Build 132 02/25/2009 SJ Full Version ;
; Revision Name               ; tony                                     ;
; Top-level Entity Name       ; tony                                     ;
; Family                      ; Cyclone                                  ;
; Total logic elements        ; 1,151                                    ;
; Total pins                  ; 21                                       ;
; Total virtual pins          ; 0                                        ;
; Total memory bits           ; 0                                        ;
; Total PLLs                  ; 0                                        ;
+-----------------------------+------------------------------------------+


+----------------------------------------------------------------------------------------------------------+
; Analysis & Synthesis Settings                                                                            ;
+----------------------------------------------------------------+--------------------+--------------------+
; Option                                                         ; Setting            ; Default Value      ;
+----------------------------------------------------------------+--------------------+--------------------+
; Device                                                         ; EP1C3T144C8        ;                    ;
; Top-level entity name                                          ; tony               ; tony               ;
; Family name                                                    ; Cyclone            ; Stratix II         ;
; Use Generated Physical Constraints File                        ; Off                ;                    ;
; Use smart compilation                                          ; Off                ; Off                ;
; Restructure Multiplexers                                       ; Auto               ; Auto               ;
; Create Debugging Nodes for IP Cores                            ; Off                ; Off                ;
; Preserve fewer node names                                      ; On                 ; On                 ;
; Disable OpenCore Plus hardware evaluation                      ; Off                ; Off                ;
; Verilog Version                                                ; Verilog_2001       ; Verilog_2001       ;
; VHDL Version                                                   ; VHDL93             ; VHDL93             ;
; State Machine Processing                                       ; Auto               ; Auto               ;
; Safe State Machine                                             ; Off                ; Off                ;
; Extract Verilog State Machines                                 ; On                 ; On                 ;
; Extract VHDL State Machines                                    ; On                 ; On                 ;
; Ignore Verilog initial constructs                              ; Off                ; Off                ;
; Iteration limit for constant Verilog loops                     ; 5000               ; 5000               ;
; Iteration limit for non-constant Verilog loops                 ; 250                ; 250                ;
; Add Pass-Through Logic to Inferred RAMs                        ; On                 ; On                 ;
; Parallel Synthesis                                             ; Off                ; Off                ;
; NOT Gate Push-Back                                             ; On                 ; On                 ;
; Power-Up Don't Care                                            ; On                 ; On                 ;
; Remove Redundant Logic Cells                                   ; Off                ; Off                ;
; Remove Duplicate Registers                                     ; On                 ; On                 ;
; Ignore CARRY Buffers                                           ; Off                ; Off                ;
; Ignore CASCADE Buffers                                         ; Off                ; Off                ;
; Ignore GLOBAL Buffers                                          ; Off                ; Off                ;
; Ignore ROW GLOBAL Buffers                                      ; Off                ; Off                ;
; Ignore LCELL Buffers                                           ; Off                ; Off                ;
; Ignore SOFT Buffers                                            ; On                 ; On                 ;
; Limit AHDL Integers to 32 Bits                                 ; Off                ; Off                ;
; Optimization Technique                                         ; Balanced           ; Balanced           ;
; Carry Chain Length                                             ; 70                 ; 70                 ;
; Auto Carry Chains                                              ; On                 ; On                 ;
; Auto Open-Drain Pins                                           ; On                 ; On                 ;
; Perform WYSIWYG Primitive Resynthesis                          ; Off                ; Off                ;
; Auto ROM Replacement                                           ; On                 ; On                 ;
; Auto RAM Replacement                                           ; On                 ; On                 ;
; Auto Shift Register Replacement                                ; Auto               ; Auto               ;
; Auto Clock Enable Replacement                                  ; On                 ; On                 ;
; Strict RAM Replacement                                         ; Off                ; Off                ;
; Allow Synchronous Control Signals                              ; On                 ; On                 ;
; Force Use of Synchronous Clear Signals                         ; Off                ; Off                ;
; Auto RAM Block Balancing                                       ; On                 ; On                 ;
; Auto RAM to Logic Cell Conversion                              ; Off                ; Off                ;
; Auto Resource Sharing                                          ; Off                ; Off                ;
; Allow Any RAM Size For Recognition                             ; Off                ; Off                ;
; Allow Any ROM Size For Recognition                             ; Off                ; Off                ;
; Allow Any Shift Register Size For Recognition                  ; Off                ; Off                ;
; Use LogicLock Constraints during Resource Balancing            ; On                 ; On                 ;
; Ignore translate_off and synthesis_off directives              ; Off                ; Off                ;
; Show Parameter Settings Tables in Synthesis Report             ; On                 ; On                 ;
; Ignore Maximum Fan-Out Assignments                             ; Off                ; Off                ;
; Synchronization Register Chain Length                          ; 2                  ; 2                  ;
; PowerPlay Power Optimization                                   ; Normal compilation ; Normal compilation ;
; HDL message level                                              ; Level2             ; Level2             ;
; Suppress Register Optimization Related Messages                ; Off                ; Off                ;
; Number of Removed Registers Reported in Synthesis Report       ; 100                ; 100                ;
; Number of Inverted Registers Reported in Synthesis Report      ; 100                ; 100                ;
; Clock MUX Protection                                           ; On                 ; On                 ;
; Block Design Naming                                            ; Auto               ; Auto               ;
; Synthesis Effort                                               ; Auto               ; Auto               ;
; Allows Asynchronous Clear Usage For Shift Register Replacement ; On                 ; On                 ;
; Analysis & Synthesis Message Level                             ; Medium             ; Medium             ;
+----------------------------------------------------------------+--------------------+--------------------+


+------------------------------------------------------------------------------------------------------------------------------------------------------------+
; Analysis & Synthesis Source Files Read                                                                                                                     ;
+----------------------------------+-----------------+------------------------------+------------------------------------------------------------------------+
; File Name with User-Entered Path ; Used in Netlist ; File Type                    ; File Name with Absolute Path                                           ;
+----------------------------------+-----------------+------------------------------+------------------------------------------------------------------------+
; tony.v                           ; yes             ; User Verilog HDL File        ; E:/数字电路/exp4/tony.v                                                ;
; lpm_divide.tdf                   ; yes             ; Megafunction                 ; f:/quartus/quartus/quartus/libraries/megafunctions/lpm_divide.tdf      ;
; abs_divider.inc                  ; yes             ; Megafunction                 ; f:/quartus/quartus/quartus/libraries/megafunctions/abs_divider.inc     ;
; sign_div_unsign.inc              ; yes             ; Megafunction                 ; f:/quartus/quartus/quartus/libraries/megafunctions/sign_div_unsign.inc ;
; aglobal90.inc                    ; yes             ; Megafunction                 ; f:/quartus/quartus/quartus/libraries/megafunctions/aglobal90.inc       ;
; db/lpm_divide_oco.tdf            ; yes             ; Auto-Generated Megafunction  ; E:/数字电路/exp4/db/lpm_divide_oco.tdf                                 ;
; db/abs_divider_kbg.tdf           ; yes             ; Auto-Generated Megafunction  ; E:/数字电路/exp4/db/abs_divider_kbg.tdf                                ;
; db/alt_u_div_2re.tdf             ; yes             ; Auto-Generated Megafunction  ; E:/数字电路/exp4/db/alt_u_div_2re.tdf                                  ;
; db/add_sub_3dc.tdf               ; yes             ; Auto-Generated Megafunction  ; E:/数字电路/exp4/db/add_sub_3dc.tdf                                    ;
; db/add_sub_4dc.tdf               ; yes             ; Auto-Generated Megafunction  ; E:/数字电路/exp4/db/add_sub_4dc.tdf                                    ;
; db/add_sub_8dc.tdf               ; yes             ; Auto-Generated Megafunction  ; E:/数字电路/exp4/db/add_sub_8dc.tdf                                    ;
; db/add_sub_5dc.tdf               ; yes             ; Auto-Generated Megafunction  ; E:/数字电路/exp4/db/add_sub_5dc.tdf                                    ;
; db/add_sub_6dc.tdf               ; yes             ; Auto-Generated Megafunction  ; E:/数字电路/exp4/db/add_sub_6dc.tdf                                    ;
; db/add_sub_7dc.tdf               ; yes             ; Auto-Generated Megafunction  ; E:/数字电路/exp4/db/add_sub_7dc.tdf                                    ;
; db/lpm_abs_ui9.tdf               ; yes             ; Auto-Generated Megafunction  ; E:/数字电路/exp4/db/lpm_abs_ui9.tdf                                    ;
; db/lpm_abs_ek9.tdf               ; yes             ; Auto-Generated Megafunction  ; E:/数字电路/exp4/db/lpm_abs_ek9.tdf                                    ;
; db/add_sub_e6f.tdf               ; yes             ; Auto-Generated Megafunction  ; E:/数字电路/exp4/db/add_sub_e6f.tdf                                    ;
; db/add_sub_u4f.tdf               ; yes             ; Auto-Generated Megafunction  ; E:/数字电路/exp4/db/add_sub_u4f.tdf                                    ;
; db/lpm_divide_lko.tdf            ; yes             ; Auto-Generated Megafunction  ; E:/数字电路/exp4/db/lpm_divide_lko.tdf                                 ;
+----------------------------------+-----------------+------------------------------+------------------------------------------------------------------------+


+-----------------------------------------------------+
; Analysis & Synthesis Resource Usage Summary         ;
+---------------------------------------------+-------+
; Resource                                    ; Usage ;
+---------------------------------------------+-------+
; Total logic elements                        ; 1151  ;
;     -- Combinational with no register       ; 1052  ;
;     -- Register only                        ; 0     ;
;     -- Combinational with a register        ; 99    ;
;                                             ;       ;
; Logic element usage by number of LUT inputs ;       ;
;     -- 4 input functions                    ; 220   ;
;     -- 3 input functions                    ; 293   ;
;     -- 2 input functions                    ; 397   ;
;     -- 1 input functions                    ; 241   ;
;     -- 0 input functions                    ; 0     ;
;                                             ;       ;
; Logic elements by mode                      ;       ;
;     -- normal mode                          ; 647   ;
;     -- arithmetic mode                      ; 504   ;
;     -- qfbk mode                            ; 0     ;
;     -- register cascade mode                ; 0     ;
;     -- synchronous clear/load mode          ; 96    ;
;     -- asynchronous clear/load mode         ; 97    ;
;                                             ;       ;
; Total registers                             ; 99    ;
; Total logic cells in carry chains           ; 628   ;
; I/O pins                                    ; 21    ;
; Maximum fan-out node                        ; rst_n ;
; Maximum fan-out                             ; 108   ;
; Total fan-out                               ; 3097  ;
; Average fan-out                             ; 2.64  ;
+---------------------------------------------+-------+


+------------------------------------------------------------------------------------------------------------------------------------------------------------------------------------------------------------------------------------------------------------------------------------------------------------------------------------------+
; Analysis & Synthesis Resource Utilization by Entity                                                                                                                                                                                                                                                                                      ;
+------------------------------------------+-------------+--------------+-------------+------+--------------+--------------+-------------------+------------------+-----------------+------------+--------------------------------------------------------------------------------------------------------------------------+--------------+
; Compilation Hierarchy Node               ; Logic Cells ; LC Registers ; Memory Bits ; Pins ; Virtual Pins ; LUT-Only LCs ; Register-Only LCs ; LUT/Register LCs ; Carry Chain LCs ; Packed LCs ; Full Hierarchy Name                                                                                                      ; Library Name ;
+------------------------------------------+-------------+--------------+-------------+------+--------------+--------------+-------------------+------------------+-----------------+------------+--------------------------------------------------------------------------------------------------------------------------+--------------+
; |tony                                    ; 1151 (160)  ; 99           ; 0           ; 21   ; 0            ; 1052 (61)    ; 0 (0)             ; 99 (99)          ; 628 (96)        ; 0 (0)      ; |tony                                                                                                                    ; work         ;
;    |lpm_divide:Div0|                     ; 493 (0)     ; 0            ; 0           ; 0    ; 0            ; 493 (0)      ; 0 (0)             ; 0 (0)            ; 265 (0)         ; 0 (0)      ; |tony|lpm_divide:Div0                                                                                                    ; work         ;
;       |lpm_divide_lko:auto_generated|    ; 493 (0)     ; 0            ; 0           ; 0    ; 0            ; 493 (0)      ; 0 (0)             ; 0 (0)            ; 265 (0)         ; 0 (0)      ; |tony|lpm_divide:Div0|lpm_divide_lko:auto_generated                                                                      ; work         ;
;          |abs_divider_kbg:divider|       ; 493 (4)     ; 0            ; 0           ; 0    ; 0            ; 493 (4)      ; 0 (0)             ; 0 (0)            ; 265 (0)         ; 0 (0)      ; |tony|lpm_divide:Div0|lpm_divide_lko:auto_generated|abs_divider_kbg:divider                                              ; work         ;
;             |add_sub_e6f:compl_add_quot| ; 5 (5)       ; 0            ; 0           ; 0    ; 0            ; 5 (5)        ; 0 (0)             ; 0 (0)            ; 5 (5)           ; 0 (0)      ; |tony|lpm_divide:Div0|lpm_divide_lko:auto_generated|abs_divider_kbg:divider|add_sub_e6f:compl_add_quot                   ; work         ;
;             |alt_u_div_2re:divider|      ; 452 (224)   ; 0            ; 0           ; 0    ; 0            ; 452 (224)    ; 0 (0)             ; 0 (0)            ; 228 (0)         ; 0 (0)      ; |tony|lpm_divide:Div0|lpm_divide_lko:auto_generated|abs_divider_kbg:divider|alt_u_div_2re:divider                        ; work         ;
;                |add_sub_6dc:add_sub_3|   ; 7 (7)       ; 0            ; 0           ; 0    ; 0            ; 7 (7)        ; 0 (0)             ; 0 (0)            ; 7 (7)           ; 0 (0)      ; |tony|lpm_divide:Div0|lpm_divide_lko:auto_generated|abs_divider_kbg:divider|alt_u_div_2re:divider|add_sub_6dc:add_sub_3  ; work         ;
;                |add_sub_7dc:add_sub_4|   ; 7 (7)       ; 0            ; 0           ; 0    ; 0            ; 7 (7)        ; 0 (0)             ; 0 (0)            ; 7 (7)           ; 0 (0)      ; |tony|lpm_divide:Div0|lpm_divide_lko:auto_generated|abs_divider_kbg:divider|alt_u_div_2re:divider|add_sub_7dc:add_sub_4  ; work         ;
;                |add_sub_8dc:add_sub_10|  ; 8 (8)       ; 0            ; 0           ; 0    ; 0            ; 8 (8)        ; 0 (0)             ; 0 (0)            ; 8 (8)           ; 0 (0)      ; |tony|lpm_divide:Div0|lpm_divide_lko:auto_generated|abs_divider_kbg:divider|alt_u_div_2re:divider|add_sub_8dc:add_sub_10 ; work         ;
;                |add_sub_8dc:add_sub_11|  ; 8 (8)       ; 0            ; 0           ; 0    ; 0            ; 8 (8)        ; 0 (0)             ; 0 (0)            ; 8 (8)           ; 0 (0)      ; |tony|lpm_divide:Div0|lpm_divide_lko:auto_generated|abs_divider_kbg:divider|alt_u_div_2re:divider|add_sub_8dc:add_sub_11 ; work         ;
;                |add_sub_8dc:add_sub_12|  ; 8 (8)       ; 0            ; 0           ; 0    ; 0            ; 8 (8)        ; 0 (0)             ; 0 (0)            ; 8 (8)           ; 0 (0)      ; |tony|lpm_divide:Div0|lpm_divide_lko:auto_generated|abs_divider_kbg:divider|alt_u_div_2re:divider|add_sub_8dc:add_sub_12 ; work         ;
;                |add_sub_8dc:add_sub_13|  ; 8 (8)       ; 0            ; 0           ; 0    ; 0            ; 8 (8)        ; 0 (0)             ; 0 (0)            ; 8 (8)           ; 0 (0)      ; |tony|lpm_divide:Div0|lpm_divide_lko:auto_generated|abs_divider_kbg:divider|alt_u_div_2re:divider|add_sub_8dc:add_sub_13 ; work         ;
;                |add_sub_8dc:add_sub_14|  ; 8 (8)       ; 0            ; 0           ; 0    ; 0            ; 8 (8)        ; 0 (0)             ; 0 (0)            ; 8 (8)           ; 0 (0)      ; |tony|lpm_divide:Div0|lpm_divide_lko:auto_generated|abs_divider_kbg:divider|alt_u_div_2re:divider|add_sub_8dc:add_sub_14 ; work         ;
;                |add_sub_8dc:add_sub_15|  ; 8 (8)       ; 0            ; 0           ; 0    ; 0            ; 8 (8)        ; 0 (0)             ; 0 (0)            ; 8 (8)           ; 0 (0)      ; |tony|lpm_divide:Div0|lpm_divide_lko:auto_generated|abs_divider_kbg:divider|alt_u_div_2re:divider|add_sub_8dc:add_sub_15 ; work         ;
;                |add_sub_8dc:add_sub_16|  ; 8 (8)       ; 0            ; 0           ; 0    ; 0            ; 8 (8)        ; 0 (0)             ; 0 (0)            ; 8 (8)           ; 0 (0)      ; |tony|lpm_divide:Div0|lpm_divide_lko:auto_generated|abs_divider_kbg:divider|alt_u_div_2re:divider|add_sub_8dc:add_sub_16 ; work         ;
;                |add_sub_8dc:add_sub_17|  ; 8 (8)       ; 0            ; 0           ; 0    ; 0            ; 8 (8)        ; 0 (0)             ; 0 (0)            ; 8 (8)           ; 0 (0)      ; |tony|lpm_divide:Div0|lpm_divide_lko:auto_generated|abs_divider_kbg:divider|alt_u_div_2re:divider|add_sub_8dc:add_sub_17 ; work         ;
;                |add_sub_8dc:add_sub_18|  ; 8 (8)       ; 0            ; 0           ; 0    ; 0            ; 8 (8)        ; 0 (0)             ; 0 (0)            ; 8 (8)           ; 0 (0)      ; |tony|lpm_divide:Div0|lpm_divide_lko:auto_generated|abs_divider_kbg:divider|alt_u_div_2re:divider|add_sub_8dc:add_sub_18 ; work         ;
;                |add_sub_8dc:add_sub_19|  ; 8 (8)       ; 0            ; 0           ; 0    ; 0            ; 8 (8)        ; 0 (0)             ; 0 (0)            ; 8 (8)           ; 0 (0)      ; |tony|lpm_divide:Div0|lpm_divide_lko:auto_generated|abs_divider_kbg:divider|alt_u_div_2re:divider|add_sub_8dc:add_sub_19 ; work         ;
;                |add_sub_8dc:add_sub_20|  ; 8 (8)       ; 0            ; 0           ; 0    ; 0            ; 8 (8)        ; 0 (0)             ; 0 (0)            ; 8 (8)           ; 0 (0)      ; |tony|lpm_divide:Div0|lpm_divide_lko:auto_generated|abs_divider_kbg:divider|alt_u_div_2re:divider|add_sub_8dc:add_sub_20 ; work         ;
;                |add_sub_8dc:add_sub_21|  ; 8 (8)       ; 0            ; 0           ; 0    ; 0            ; 8 (8)        ; 0 (0)             ; 0 (0)            ; 8 (8)           ; 0 (0)      ; |tony|lpm_divide:Div0|lpm_divide_lko:auto_generated|abs_divider_kbg:divider|alt_u_div_2re:divider|add_sub_8dc:add_sub_21 ; work         ;
;                |add_sub_8dc:add_sub_22|  ; 8 (8)       ; 0            ; 0           ; 0    ; 0            ; 8 (8)        ; 0 (0)             ; 0 (0)            ; 8 (8)           ; 0 (0)      ; |tony|lpm_divide:Div0|lpm_divide_lko:auto_generated|abs_divider_kbg:divider|alt_u_div_2re:divider|add_sub_8dc:add_sub_22 ; work         ;
;                |add_sub_8dc:add_sub_23|  ; 8 (8)       ; 0            ; 0           ; 0    ; 0            ; 8 (8)        ; 0 (0)             ; 0 (0)            ; 8 (8)           ; 0 (0)      ; |tony|lpm_divide:Div0|lpm_divide_lko:auto_generated|abs_divider_kbg:divider|alt_u_div_2re:divider|add_sub_8dc:add_sub_23 ; work         ;
;                |add_sub_8dc:add_sub_24|  ; 8 (8)       ; 0            ; 0           ; 0    ; 0            ; 8 (8)        ; 0 (0)             ; 0 (0)            ; 8 (8)           ; 0 (0)      ; |tony|lpm_divide:Div0|lpm_divide_lko:auto_generated|abs_divider_kbg:divider|alt_u_div_2re:divider|add_sub_8dc:add_sub_24 ; work         ;
;                |add_sub_8dc:add_sub_25|  ; 8 (8)       ; 0            ; 0           ; 0    ; 0            ; 8 (8)        ; 0 (0)             ; 0 (0)            ; 8 (8)           ; 0 (0)      ; |tony|lpm_divide:Div0|lpm_divide_lko:auto_generated|abs_divider_kbg:divider|alt_u_div_2re:divider|add_sub_8dc:add_sub_25 ; work         ;
;                |add_sub_8dc:add_sub_26|  ; 8 (8)       ; 0            ; 0           ; 0    ; 0            ; 8 (8)        ; 0 (0)             ; 0 (0)            ; 8 (8)           ; 0 (0)      ; |tony|lpm_divide:Div0|lpm_divide_lko:auto_generated|abs_divider_kbg:divider|alt_u_div_2re:divider|add_sub_8dc:add_sub_26 ; work         ;
;                |add_sub_8dc:add_sub_27|  ; 8 (8)       ; 0            ; 0           ; 0    ; 0            ; 8 (8)        ; 0 (0)             ; 0 (0)            ; 8 (8)           ; 0 (0)      ; |tony|lpm_divide:Div0|lpm_divide_lko:auto_generated|abs_divider_kbg:divider|alt_u_div_2re:divider|add_sub_8dc:add_sub_27 ; work         ;
;                |add_sub_8dc:add_sub_28|  ; 8 (8)       ; 0            ; 0           ; 0    ; 0            ; 8 (8)        ; 0 (0)             ; 0 (0)            ; 8 (8)           ; 0 (0)      ; |tony|lpm_divide:Div0|lpm_divide_lko:auto_generated|abs_divider_kbg:divider|alt_u_div_2re:divider|add_sub_8dc:add_sub_28 ; work         ;
;                |add_sub_8dc:add_sub_29|  ; 8 (8)       ; 0            ; 0           ; 0    ; 0            ; 8 (8)        ; 0 (0)             ; 0 (0)            ; 8 (8)           ; 0 (0)      ; |tony|lpm_divide:Div0|lpm_divide_lko:auto_generated|abs_divider_kbg:divider|alt_u_div_2re:divider|add_sub_8dc:add_sub_29 ; work         ;
;                |add_sub_8dc:add_sub_30|  ; 8 (8)       ; 0            ; 0           ; 0    ; 0            ; 8 (8)        ; 0 (0)             ; 0 (0)            ; 8 (8)           ; 0 (0)      ; |tony|lpm_divide:Div0|lpm_divide_lko:auto_generated|abs_divider_kbg:divider|alt_u_div_2re:divider|add_sub_8dc:add_sub_30 ; work         ;
;                |add_sub_8dc:add_sub_31|  ; 6 (6)       ; 0            ; 0           ; 0    ; 0            ; 6 (6)        ; 0 (0)             ; 0 (0)            ; 6 (6)           ; 0 (0)      ; |tony|lpm_divide:Div0|lpm_divide_lko:auto_generated|abs_divider_kbg:divider|alt_u_div_2re:divider|add_sub_8dc:add_sub_31 ; work         ;
;                |add_sub_8dc:add_sub_5|   ; 8 (8)       ; 0            ; 0           ; 0    ; 0            ; 8 (8)        ; 0 (0)             ; 0 (0)            ; 8 (8)           ; 0 (0)      ; |tony|lpm_divide:Div0|lpm_divide_lko:auto_generated|abs_divider_kbg:divider|alt_u_div_2re:divider|add_sub_8dc:add_sub_5  ; work         ;
;                |add_sub_8dc:add_sub_6|   ; 8 (8)       ; 0            ; 0           ; 0    ; 0            ; 8 (8)        ; 0 (0)             ; 0 (0)            ; 8 (8)           ; 0 (0)      ; |tony|lpm_divide:Div0|lpm_divide_lko:auto_generated|abs_divider_kbg:divider|alt_u_div_2re:divider|add_sub_8dc:add_sub_6  ; work         ;
;                |add_sub_8dc:add_sub_7|   ; 8 (8)       ; 0            ; 0           ; 0    ; 0            ; 8 (8)        ; 0 (0)             ; 0 (0)            ; 8 (8)           ; 0 (0)      ; |tony|lpm_divide:Div0|lpm_divide_lko:auto_generated|abs_divider_kbg:divider|alt_u_div_2re:divider|add_sub_8dc:add_sub_7  ; work         ;
;                |add_sub_8dc:add_sub_8|   ; 8 (8)       ; 0            ; 0           ; 0    ; 0            ; 8 (8)        ; 0 (0)             ; 0 (0)            ; 8 (8)           ; 0 (0)      ; |tony|lpm_divide:Div0|lpm_divide_lko:auto_generated|abs_divider_kbg:divider|alt_u_div_2re:divider|add_sub_8dc:add_sub_8  ; work         ;
;                |add_sub_8dc:add_sub_9|   ; 8 (8)       ; 0            ; 0           ; 0    ; 0            ; 8 (8)        ; 0 (0)             ; 0 (0)            ; 8 (8)           ; 0 (0)      ; |tony|lpm_divide:Div0|lpm_divide_lko:auto_generated|abs_divider_kbg:divider|alt_u_div_2re:divider|add_sub_8dc:add_sub_9  ; work         ;
;             |lpm_abs_ek9:my_abs_num|     ; 32 (32)     ; 0            ; 0           ; 0    ; 0            ; 32 (32)      ; 0 (0)             ; 0 (0)            ; 32 (32)         ; 0 (0)      ; |tony|lpm_divide:Div0|lpm_divide_lko:auto_generated|abs_divider_kbg:divider|lpm_abs_ek9:my_abs_num                       ; work         ;
;    |lpm_divide:Mod0|                     ; 498 (0)     ; 0            ; 0           ; 0    ; 0            ; 498 (0)      ; 0 (0)             ; 0 (0)            ; 267 (0)         ; 0 (0)      ; |tony|lpm_divide:Mod0                                                                                                    ; work         ;
;       |lpm_divide_oco:auto_generated|    ; 498 (0)     ; 0            ; 0           ; 0    ; 0            ; 498 (0)      ; 0 (0)             ; 0 (0)            ; 267 (0)         ; 0 (0)      ; |tony|lpm_divide:Mod0|lpm_divide_oco:auto_generated                                                                      ; work         ;
;          |abs_divider_kbg:divider|       ; 498 (4)     ; 0            ; 0           ; 0    ; 0            ; 498 (4)      ; 0 (0)             ; 0 (0)            ; 267 (0)         ; 0 (0)      ; |tony|lpm_divide:Mod0|lpm_divide_oco:auto_generated|abs_divider_kbg:divider                                              ; work         ;
;             |add_sub_u4f:compl_add_rem|  ; 5 (5)       ; 0            ; 0           ; 0    ; 0            ; 5 (5)        ; 0 (0)             ; 0 (0)            ; 5 (5)           ; 0 (0)      ; |tony|lpm_divide:Mod0|lpm_divide_oco:auto_generated|abs_divider_kbg:divider|add_sub_u4f:compl_add_rem                    ; work         ;
;             |alt_u_div_2re:divider|      ; 457 (227)   ; 0            ; 0           ; 0    ; 0            ; 457 (227)    ; 0 (0)             ; 0 (0)            ; 230 (0)         ; 0 (0)      ; |tony|lpm_divide:Mod0|lpm_divide_oco:auto_generated|abs_divider_kbg:divider|alt_u_div_2re:divider                        ; work         ;
;                |add_sub_6dc:add_sub_3|   ; 7 (7)       ; 0            ; 0           ; 0    ; 0            ; 7 (7)        ; 0 (0)             ; 0 (0)            ; 7 (7)           ; 0 (0)      ; |tony|lpm_divide:Mod0|lpm_divide_oco:auto_generated|abs_divider_kbg:divider|alt_u_div_2re:divider|add_sub_6dc:add_sub_3  ; work         ;
;                |add_sub_7dc:add_sub_4|   ; 7 (7)       ; 0            ; 0           ; 0    ; 0            ; 7 (7)        ; 0 (0)             ; 0 (0)            ; 7 (7)           ; 0 (0)      ; |tony|lpm_divide:Mod0|lpm_divide_oco:auto_generated|abs_divider_kbg:divider|alt_u_div_2re:divider|add_sub_7dc:add_sub_4  ; work         ;
;                |add_sub_8dc:add_sub_10|  ; 8 (8)       ; 0            ; 0           ; 0    ; 0            ; 8 (8)        ; 0 (0)             ; 0 (0)            ; 8 (8)           ; 0 (0)      ; |tony|lpm_divide:Mod0|lpm_divide_oco:auto_generated|abs_divider_kbg:divider|alt_u_div_2re:divider|add_sub_8dc:add_sub_10 ; work         ;
;                |add_sub_8dc:add_sub_11|  ; 8 (8)       ; 0            ; 0           ; 0    ; 0            ; 8 (8)        ; 0 (0)             ; 0 (0)            ; 8 (8)           ; 0 (0)      ; |tony|lpm_divide:Mod0|lpm_divide_oco:auto_generated|abs_divider_kbg:divider|alt_u_div_2re:divider|add_sub_8dc:add_sub_11 ; work         ;
;                |add_sub_8dc:add_sub_12|  ; 8 (8)       ; 0            ; 0           ; 0    ; 0            ; 8 (8)        ; 0 (0)             ; 0 (0)            ; 8 (8)           ; 0 (0)      ; |tony|lpm_divide:Mod0|lpm_divide_oco:auto_generated|abs_divider_kbg:divider|alt_u_div_2re:divider|add_sub_8dc:add_sub_12 ; work         ;
;                |add_sub_8dc:add_sub_13|  ; 8 (8)       ; 0            ; 0           ; 0    ; 0            ; 8 (8)        ; 0 (0)             ; 0 (0)            ; 8 (8)           ; 0 (0)      ; |tony|lpm_divide:Mod0|lpm_divide_oco:auto_generated|abs_divider_kbg:divider|alt_u_div_2re:divider|add_sub_8dc:add_sub_13 ; work         ;
;                |add_sub_8dc:add_sub_14|  ; 8 (8)       ; 0            ; 0           ; 0    ; 0            ; 8 (8)        ; 0 (0)             ; 0 (0)            ; 8 (8)           ; 0 (0)      ; |tony|lpm_divide:Mod0|lpm_divide_oco:auto_generated|abs_divider_kbg:divider|alt_u_div_2re:divider|add_sub_8dc:add_sub_14 ; work         ;
;                |add_sub_8dc:add_sub_15|  ; 8 (8)       ; 0            ; 0           ; 0    ; 0            ; 8 (8)        ; 0 (0)             ; 0 (0)            ; 8 (8)           ; 0 (0)      ; |tony|lpm_divide:Mod0|lpm_divide_oco:auto_generated|abs_divider_kbg:divider|alt_u_div_2re:divider|add_sub_8dc:add_sub_15 ; work         ;
;                |add_sub_8dc:add_sub_16|  ; 8 (8)       ; 0            ; 0           ; 0    ; 0            ; 8 (8)        ; 0 (0)             ; 0 (0)            ; 8 (8)           ; 0 (0)      ; |tony|lpm_divide:Mod0|lpm_divide_oco:auto_generated|abs_divider_kbg:divider|alt_u_div_2re:divider|add_sub_8dc:add_sub_16 ; work         ;
;                |add_sub_8dc:add_sub_17|  ; 8 (8)       ; 0            ; 0           ; 0    ; 0            ; 8 (8)        ; 0 (0)             ; 0 (0)            ; 8 (8)           ; 0 (0)      ; |tony|lpm_divide:Mod0|lpm_divide_oco:auto_generated|abs_divider_kbg:divider|alt_u_div_2re:divider|add_sub_8dc:add_sub_17 ; work         ;
;                |add_sub_8dc:add_sub_18|  ; 8 (8)       ; 0            ; 0           ; 0    ; 0            ; 8 (8)        ; 0 (0)             ; 0 (0)            ; 8 (8)           ; 0 (0)      ; |tony|lpm_divide:Mod0|lpm_divide_oco:auto_generated|abs_divider_kbg:divider|alt_u_div_2re:divider|add_sub_8dc:add_sub_18 ; work         ;
;                |add_sub_8dc:add_sub_19|  ; 8 (8)       ; 0            ; 0           ; 0    ; 0            ; 8 (8)        ; 0 (0)             ; 0 (0)            ; 8 (8)           ; 0 (0)      ; |tony|lpm_divide:Mod0|lpm_divide_oco:auto_generated|abs_divider_kbg:divider|alt_u_div_2re:divider|add_sub_8dc:add_sub_19 ; work         ;
;                |add_sub_8dc:add_sub_20|  ; 8 (8)       ; 0            ; 0           ; 0    ; 0            ; 8 (8)        ; 0 (0)             ; 0 (0)            ; 8 (8)           ; 0 (0)      ; |tony|lpm_divide:Mod0|lpm_divide_oco:auto_generated|abs_divider_kbg:divider|alt_u_div_2re:divider|add_sub_8dc:add_sub_20 ; work         ;
;                |add_sub_8dc:add_sub_21|  ; 8 (8)       ; 0            ; 0           ; 0    ; 0            ; 8 (8)        ; 0 (0)             ; 0 (0)            ; 8 (8)           ; 0 (0)      ; |tony|lpm_divide:Mod0|lpm_divide_oco:auto_generated|abs_divider_kbg:divider|alt_u_div_2re:divider|add_sub_8dc:add_sub_21 ; work         ;
;                |add_sub_8dc:add_sub_22|  ; 8 (8)       ; 0            ; 0           ; 0    ; 0            ; 8 (8)        ; 0 (0)             ; 0 (0)            ; 8 (8)           ; 0 (0)      ; |tony|lpm_divide:Mod0|lpm_divide_oco:auto_generated|abs_divider_kbg:divider|alt_u_div_2re:divider|add_sub_8dc:add_sub_22 ; work         ;
;                |add_sub_8dc:add_sub_23|  ; 8 (8)       ; 0            ; 0           ; 0    ; 0            ; 8 (8)        ; 0 (0)             ; 0 (0)            ; 8 (8)           ; 0 (0)      ; |tony|lpm_divide:Mod0|lpm_divide_oco:auto_generated|abs_divider_kbg:divider|alt_u_div_2re:divider|add_sub_8dc:add_sub_23 ; work         ;
;                |add_sub_8dc:add_sub_24|  ; 8 (8)       ; 0            ; 0           ; 0    ; 0            ; 8 (8)        ; 0 (0)             ; 0 (0)            ; 8 (8)           ; 0 (0)      ; |tony|lpm_divide:Mod0|lpm_divide_oco:auto_generated|abs_divider_kbg:divider|alt_u_div_2re:divider|add_sub_8dc:add_sub_24 ; work         ;
;                |add_sub_8dc:add_sub_25|  ; 8 (8)       ; 0            ; 0           ; 0    ; 0            ; 8 (8)        ; 0 (0)             ; 0 (0)            ; 8 (8)           ; 0 (0)      ; |tony|lpm_divide:Mod0|lpm_divide_oco:auto_generated|abs_divider_kbg:divider|alt_u_div_2re:divider|add_sub_8dc:add_sub_25 ; work         ;
;                |add_sub_8dc:add_sub_26|  ; 8 (8)       ; 0            ; 0           ; 0    ; 0            ; 8 (8)        ; 0 (0)             ; 0 (0)            ; 8 (8)           ; 0 (0)      ; |tony|lpm_divide:Mod0|lpm_divide_oco:auto_generated|abs_divider_kbg:divider|alt_u_div_2re:divider|add_sub_8dc:add_sub_26 ; work         ;
;                |add_sub_8dc:add_sub_27|  ; 8 (8)       ; 0            ; 0           ; 0    ; 0            ; 8 (8)        ; 0 (0)             ; 0 (0)            ; 8 (8)           ; 0 (0)      ; |tony|lpm_divide:Mod0|lpm_divide_oco:auto_generated|abs_divider_kbg:divider|alt_u_div_2re:divider|add_sub_8dc:add_sub_27 ; work         ;
;                |add_sub_8dc:add_sub_28|  ; 8 (8)       ; 0            ; 0           ; 0    ; 0            ; 8 (8)        ; 0 (0)             ; 0 (0)            ; 8 (8)           ; 0 (0)      ; |tony|lpm_divide:Mod0|lpm_divide_oco:auto_generated|abs_divider_kbg:divider|alt_u_div_2re:divider|add_sub_8dc:add_sub_28 ; work         ;
;                |add_sub_8dc:add_sub_29|  ; 8 (8)       ; 0            ; 0           ; 0    ; 0            ; 8 (8)        ; 0 (0)             ; 0 (0)            ; 8 (8)           ; 0 (0)      ; |tony|lpm_divide:Mod0|lpm_divide_oco:auto_generated|abs_divider_kbg:divider|alt_u_div_2re:divider|add_sub_8dc:add_sub_29 ; work         ;
;                |add_sub_8dc:add_sub_30|  ; 8 (8)       ; 0            ; 0           ; 0    ; 0            ; 8 (8)        ; 0 (0)             ; 0 (0)            ; 8 (8)           ; 0 (0)      ; |tony|lpm_divide:Mod0|lpm_divide_oco:auto_generated|abs_divider_kbg:divider|alt_u_div_2re:divider|add_sub_8dc:add_sub_30 ; work         ;
;                |add_sub_8dc:add_sub_31|  ; 8 (8)       ; 0            ; 0           ; 0    ; 0            ; 8 (8)        ; 0 (0)             ; 0 (0)            ; 8 (8)           ; 0 (0)      ; |tony|lpm_divide:Mod0|lpm_divide_oco:auto_generated|abs_divider_kbg:divider|alt_u_div_2re:divider|add_sub_8dc:add_sub_31 ; work         ;
;                |add_sub_8dc:add_sub_5|   ; 8 (8)       ; 0            ; 0           ; 0    ; 0            ; 8 (8)        ; 0 (0)             ; 0 (0)            ; 8 (8)           ; 0 (0)      ; |tony|lpm_divide:Mod0|lpm_divide_oco:auto_generated|abs_divider_kbg:divider|alt_u_div_2re:divider|add_sub_8dc:add_sub_5  ; work         ;
;                |add_sub_8dc:add_sub_6|   ; 8 (8)       ; 0            ; 0           ; 0    ; 0            ; 8 (8)        ; 0 (0)             ; 0 (0)            ; 8 (8)           ; 0 (0)      ; |tony|lpm_divide:Mod0|lpm_divide_oco:auto_generated|abs_divider_kbg:divider|alt_u_div_2re:divider|add_sub_8dc:add_sub_6  ; work         ;
;                |add_sub_8dc:add_sub_7|   ; 8 (8)       ; 0            ; 0           ; 0    ; 0            ; 8 (8)        ; 0 (0)             ; 0 (0)            ; 8 (8)           ; 0 (0)      ; |tony|lpm_divide:Mod0|lpm_divide_oco:auto_generated|abs_divider_kbg:divider|alt_u_div_2re:divider|add_sub_8dc:add_sub_7  ; work         ;
;                |add_sub_8dc:add_sub_8|   ; 8 (8)       ; 0            ; 0           ; 0    ; 0            ; 8 (8)        ; 0 (0)             ; 0 (0)            ; 8 (8)           ; 0 (0)      ; |tony|lpm_divide:Mod0|lpm_divide_oco:auto_generated|abs_divider_kbg:divider|alt_u_div_2re:divider|add_sub_8dc:add_sub_8  ; work         ;
;                |add_sub_8dc:add_sub_9|   ; 8 (8)       ; 0            ; 0           ; 0    ; 0            ; 8 (8)        ; 0 (0)             ; 0 (0)            ; 8 (8)           ; 0 (0)      ; |tony|lpm_divide:Mod0|lpm_divide_oco:auto_generated|abs_divider_kbg:divider|alt_u_div_2re:divider|add_sub_8dc:add_sub_9  ; work         ;
;             |lpm_abs_ek9:my_abs_num|     ; 32 (32)     ; 0            ; 0           ; 0    ; 0            ; 32 (32)      ; 0 (0)             ; 0 (0)            ; 32 (32)         ; 0 (0)      ; |tony|lpm_divide:Mod0|lpm_divide_oco:auto_generated|abs_divider_kbg:divider|lpm_abs_ek9:my_abs_num                       ; work         ;
+------------------------------------------+-------------+--------------+-------------+------+--------------+--------------+-------------------+------------------+-----------------+------------+--------------------------------------------------------------------------------------------------------------------------+--------------+
Note: For table entries with two numbers listed, the numbers in parentheses indicate the number of resources of the given type used by the specific entity alone. The numbers listed outside of parentheses indicate the total resources of the given type used by the specific entity and all of its sub-entities in the hierarchy.


+------------------------------------------------------+
; General Register Statistics                          ;
+----------------------------------------------+-------+
; Statistic                                    ; Value ;
+----------------------------------------------+-------+
; Total registers                              ; 99    ;
; Number of registers using Synchronous Clear  ; 96    ;
; Number of registers using Synchronous Load   ; 0     ;
; Number of registers using Asynchronous Clear ; 97    ;
; Number of registers using Asynchronous Load  ; 0     ;
; Number of registers using Clock Enable       ; 2     ;
; Number of registers using Preset             ; 0     ;
+----------------------------------------------+-------+


+------------------------------------------------------------------------------------------------------------------------------------------+
; Multiplexer Restructuring Statistics (Restructuring Performed)                                                                           ;
+--------------------+-----------+---------------+----------------------+------------------------+------------+----------------------------+
; Multiplexer Inputs ; Bus Width ; Baseline Area ; Area if Restructured ; Saving if Restructured ; Registered ; Example Multiplexer Output ;
+--------------------+-----------+---------------+----------------------+------------------------+------------+----------------------------+
; 3:1                ; 7 bits    ; 14 LEs        ; 14 LEs               ; 0 LEs                  ; No         ; |tony|seg_out~13           ;
+--------------------+-----------+---------------+----------------------+------------------------+------------+----------------------------+


+----------------------------------------------------------------------+
; Parameter Settings for User Entity Instance: Top-level Entity: |tony ;
+----------------+-------+---------------------------------------------+
; Parameter Name ; Value ; Type                                        ;
+----------------+-------+---------------------------------------------+
; N              ; 20000 ; Signed Integer                              ;
; M              ; 200   ; Signed Integer                              ;
+----------------+-------+---------------------------------------------+
Note: In order to hide this table in the UI and the text report file, please set the "Show Parameter Settings Tables in Synthesis Report" option in "Analysis and Synthesis Settings -> More Settings" to "Off".


+------------------------------------------------------------------+
; Parameter Settings for Inferred Entity Instance: lpm_divide:Mod0 ;
+------------------------+----------------+------------------------+
; Parameter Name         ; Value          ; Type                   ;
+------------------------+----------------+------------------------+
; LPM_WIDTHN             ; 32             ; Untyped                ;
; LPM_WIDTHD             ; 5              ; Untyped                ;
; LPM_NREPRESENTATION    ; SIGNED         ; Untyped                ;
; LPM_DREPRESENTATION    ; SIGNED         ; Untyped                ;
; LPM_PIPELINE           ; 0              ; Untyped                ;
; LPM_REMAINDERPOSITIVE  ; FALSE          ; Untyped                ;
; MAXIMIZE_SPEED         ; 5              ; Untyped                ;
; CBXI_PARAMETER         ; lpm_divide_oco ; Untyped                ;
; CARRY_CHAIN            ; MANUAL         ; Untyped                ;
; OPTIMIZE_FOR_SPEED     ; 5              ; Untyped                ;
; AUTO_CARRY_CHAINS      ; ON             ; AUTO_CARRY             ;
; IGNORE_CARRY_BUFFERS   ; OFF            ; IGNORE_CARRY           ;
; AUTO_CASCADE_CHAINS    ; ON             ; AUTO_CASCADE           ;
; IGNORE_CASCADE_BUFFERS ; OFF            ; IGNORE_CASCADE         ;
+------------------------+----------------+------------------------+
Note: In order to hide this table in the UI and the text report file, please set the "Show Parameter Settings Tables in Synthesis Report" option in "Analysis and Synthesis Settings -> More Settings" to "Off".


+------------------------------------------------------------------+
; Parameter Settings for Inferred Entity Instance: lpm_divide:Div0 ;
+------------------------+----------------+------------------------+
; Parameter Name         ; Value          ; Type                   ;
+------------------------+----------------+------------------------+
; LPM_WIDTHN             ; 32             ; Untyped                ;
; LPM_WIDTHD             ; 5              ; Untyped                ;
; LPM_NREPRESENTATION    ; SIGNED         ; Untyped                ;
; LPM_DREPRESENTATION    ; SIGNED         ; Untyped                ;
; LPM_PIPELINE           ; 0              ; Untyped                ;
; LPM_REMAINDERPOSITIVE  ; FALSE          ; Untyped                ;
; MAXIMIZE_SPEED         ; 5              ; Untyped                ;
; CBXI_PARAMETER         ; lpm_divide_lko ; Untyped                ;
; CARRY_CHAIN            ; MANUAL         ; Untyped                ;
; OPTIMIZE_FOR_SPEED     ; 5              ; Untyped                ;
; AUTO_CARRY_CHAINS      ; ON             ; AUTO_CARRY             ;
; IGNORE_CARRY_BUFFERS   ; OFF            ; IGNORE_CARRY           ;
; AUTO_CASCADE_CHAINS    ; ON             ; AUTO_CASCADE           ;
; IGNORE_CASCADE_BUFFERS ; OFF            ; IGNORE_CASCADE         ;
+------------------------+----------------+------------------------+
Note: In order to hide this table in the UI and the text report file, please set the "Show Parameter Settings Tables in Synthesis Report" option in "Analysis and Synthesis Settings -> More Settings" to "Off".


+-------------------------------+
; Analysis & Synthesis Messages ;
+-------------------------------+
Info: *******************************************************************
Info: Running Quartus II Analysis & Synthesis
    Info: Version 9.0 Build 132 02/25/2009 SJ Full Version
    Info: Processing started: Mon Dec 12 12:14:34 2022
Info: Command: quartus_map --read_settings_files=on --write_settings_files=off tony -c tony
Info: Found 1 design units, including 1 entities, in source file tony.v
    Info: Found entity 1: tony
Info: Elaborating entity "tony" for the top level hierarchy
Warning (10034): Output port "buzzer" at tony.v(4) has no driver
Info: Inferred 2 megafunctions from design logic
    Info: Inferred divider/modulo megafunction ("lpm_divide") from the following logic: "Mod0"
    Info: Inferred divider/modulo megafunction ("lpm_divide") from the following logic: "Div0"
Info: Elaborated megafunction instantiation "lpm_divide:Mod0"
Info: Instantiated megafunction "lpm_divide:Mod0" with the following parameter:
    Info: Parameter "LPM_WIDTHN" = "32"
    Info: Parameter "LPM_WIDTHD" = "5"
    Info: Parameter "LPM_NREPRESENTATION" = "SIGNED"
    Info: Parameter "LPM_DREPRESENTATION" = "SIGNED"
    Info: Parameter "LPM_HINT" = "LPM_REMAINDERPOSITIVE=FALSE"
Info: Found 1 design units, including 1 entities, in source file db/lpm_divide_oco.tdf
    Info: Found entity 1: lpm_divide_oco
Info: Found 1 design units, including 1 entities, in source file db/abs_divider_kbg.tdf
    Info: Found entity 1: abs_divider_kbg
Info: Found 1 design units, including 1 entities, in source file db/alt_u_div_2re.tdf
    Info: Found entity 1: alt_u_div_2re
Info: Found 1 design units, including 1 entities, in source file db/add_sub_3dc.tdf
    Info: Found entity 1: add_sub_3dc
Info: Found 1 design units, including 1 entities, in source file db/add_sub_4dc.tdf
    Info: Found entity 1: add_sub_4dc
Info: Found 1 design units, including 1 entities, in source file db/add_sub_8dc.tdf
    Info: Found entity 1: add_sub_8dc
Info: Found 1 design units, including 1 entities, in source file db/add_sub_5dc.tdf
    Info: Found entity 1: add_sub_5dc
Info: Found 1 design units, including 1 entities, in source file db/add_sub_6dc.tdf
    Info: Found entity 1: add_sub_6dc
Info: Found 1 design units, including 1 entities, in source file db/add_sub_7dc.tdf
    Info: Found entity 1: add_sub_7dc
Info: Found 1 design units, including 1 entities, in source file db/lpm_abs_ui9.tdf
    Info: Found entity 1: lpm_abs_ui9
Info: Found 1 design units, including 1 entities, in source file db/lpm_abs_ek9.tdf
    Info: Found entity 1: lpm_abs_ek9
Info: Found 1 design units, including 1 entities, in source file db/add_sub_e6f.tdf
    Info: Found entity 1: add_sub_e6f
Info: Found 1 design units, including 1 entities, in source file db/add_sub_u4f.tdf
    Info: Found entity 1: add_sub_u4f
Info: Elaborated megafunction instantiation "lpm_divide:Div0"
Info: Instantiated megafunction "lpm_divide:Div0" with the following parameter:
    Info: Parameter "LPM_WIDTHN" = "32"
    Info: Parameter "LPM_WIDTHD" = "5"
    Info: Parameter "LPM_NREPRESENTATION" = "SIGNED"
    Info: Parameter "LPM_DREPRESENTATION" = "SIGNED"
    Info: Parameter "LPM_HINT" = "LPM_REMAINDERPOSITIVE=FALSE"
Info: Found 1 design units, including 1 entities, in source file db/lpm_divide_lko.tdf
    Info: Found entity 1: lpm_divide_lko
Warning: Output pins are stuck at VCC or GND
    Warning (13410): Pin "dig_sel_n[2]" is stuck at VCC
    Warning (13410): Pin "dig_sel_n[3]" is stuck at VCC
    Warning (13410): Pin "dig_sel_n[4]" is stuck at VCC
    Warning (13410): Pin "dig_sel_n[5]" is stuck at VCC
    Warning (13410): Pin "dig_sel_n[6]" is stuck at VCC
    Warning (13410): Pin "dig_sel_n[7]" is stuck at VCC
    Warning (13410): Pin "seg_out[7]" is stuck at VCC
    Warning (13410): Pin "buzzer" is stuck at GND
Warning: Design contains 2 input pin(s) that do not drive logic
    Warning (15610): No output dependent on input pin "pause"
    Warning (15610): No output dependent on input pin "reverse"
Info: Implemented 1172 device resources after synthesis - the final resource count might be different
    Info: Implemented 4 input pins
    Info: Implemented 17 output pins
    Info: Implemented 1151 logic cells
Info: Quartus II Analysis & Synthesis was successful. 0 errors, 13 warnings
    Info: Peak virtual memory: 250 megabytes
    Info: Processing ended: Mon Dec 12 12:14:35 2022
    Info: Elapsed time: 00:00:01
    Info: Total CPU time (on all processors): 00:00:02


